C:/Users/Wangxiao/Desktop/AUTO_SAIL_3/User/OLED/Src/oled.c:18:13:OLED_I2C_Delay	16	static,ignoring_inline_asm
C:/Users/Wangxiao/Desktop/AUTO_SAIL_3/User/OLED/Src/oled.c:24:13:OLED_I2C_SCL	16	static
C:/Users/Wangxiao/Desktop/AUTO_SAIL_3/User/OLED/Src/oled.c:29:13:OLED_I2C_SDA	16	static
C:/Users/Wangxiao/Desktop/AUTO_SAIL_3/User/OLED/Src/oled.c:34:13:OLED_I2C_Start	8	static
C:/Users/Wangxiao/Desktop/AUTO_SAIL_3/User/OLED/Src/oled.c:44:13:OLED_I2C_Stop	8	static
C:/Users/Wangxiao/Desktop/AUTO_SAIL_3/User/OLED/Src/oled.c:53:13:OLED_I2C_SendByte	24	static
C:/Users/Wangxiao/Desktop/AUTO_SAIL_3/User/OLED/Src/oled.c:73:13:OLED_WriteCmd	16	static
C:/Users/Wangxiao/Desktop/AUTO_SAIL_3/User/OLED/Src/oled.c:82:13:OLED_WriteBytes	24	static
C:/Users/Wangxiao/Desktop/AUTO_SAIL_3/User/OLED/Src/oled.c:95:6:OLED_Init	24	static
C:/Users/Wangxiao/Desktop/AUTO_SAIL_3/User/OLED/Src/oled.c:133:6:OLED_Clear	8	static
C:/Users/Wangxiao/Desktop/AUTO_SAIL_3/User/OLED/Src/oled.c:139:6:OLED_Fill	16	static
C:/Users/Wangxiao/Desktop/AUTO_SAIL_3/User/OLED/Src/oled.c:145:6:OLED_DisplayOn	8	static
C:/Users/Wangxiao/Desktop/AUTO_SAIL_3/User/OLED/Src/oled.c:151:6:OLED_DisplayOff	8	static
C:/Users/Wangxiao/Desktop/AUTO_SAIL_3/User/OLED/Src/oled.c:157:6:OLED_Refresh	16	static
C:/Users/Wangxiao/Desktop/AUTO_SAIL_3/User/OLED/Src/oled.c:167:6:OLED_DrawPoint	16	static
C:/Users/Wangxiao/Desktop/AUTO_SAIL_3/User/OLED/Src/oled.c:178:13:OLED_ShowChar6x8	24	static
C:/Users/Wangxiao/Desktop/AUTO_SAIL_3/User/OLED/Src/oled.c:191:13:OLED_ShowChar8x16	24	static
C:/Users/Wangxiao/Desktop/AUTO_SAIL_3/User/OLED/Src/oled.c:206:6:OLED_ShowChar	24	static
C:/Users/Wangxiao/Desktop/AUTO_SAIL_3/User/OLED/Src/oled.c:215:6:OLED_ShowString	24	static
