Archive member included to satisfy reference by file (symbol)

C:/Users/Wangxiao/AppData/Local/stm32cube/bundles/gnu-tools-for-stm32/14.3.1+st.2/bin/../lib/gcc/arm-none-eabi/14.3.1/thumb/v7-m/nofp\libgcc.a(_arm_mulsf3.o)
                              CMakeFiles/AUTO_SAIL_3.dir/User/SG90/Src/sg90.c.obj (__aeabi_fmul)
C:/Users/Wangxiao/AppData/Local/stm32cube/bundles/gnu-tools-for-stm32/14.3.1+st.2/bin/../lib/gcc/arm-none-eabi/14.3.1/thumb/v7-m/nofp\libgcc.a(_arm_addsubsf3.o)
                              CMakeFiles/AUTO_SAIL_3.dir/User/SG90/Src/sg90.c.obj (__aeabi_fadd)
C:/Users/Wangxiao/AppData/Local/stm32cube/bundles/gnu-tools-for-stm32/14.3.1+st.2/bin/../lib/gcc/arm-none-eabi/14.3.1/thumb/v7-m/nofp\libgcc.a(_arm_muldivsf3.o)
                              CMakeFiles/AUTO_SAIL_3.dir/User/SG90/Src/sg90.c.obj (__aeabi_fdiv)
C:/Users/Wangxiao/AppData/Local/stm32cube/bundles/gnu-tools-for-stm32/14.3.1+st.2/bin/../lib/gcc/arm-none-eabi/14.3.1/thumb/v7-m/nofp\libgcc.a(_arm_cmpsf2.o)
                              CMakeFiles/AUTO_SAIL_3.dir/User/SG90/Src/sg90.c.obj (__aeabi_fcmplt)
C:/Users/Wangxiao/AppData/Local/stm32cube/bundles/gnu-tools-for-stm32/14.3.1+st.2/bin/../lib/gcc/arm-none-eabi/14.3.1/thumb/v7-m/nofp\libgcc.a(_arm_fixunssfsi.o)
                              CMakeFiles/AUTO_SAIL_3.dir/User/SG90/Src/sg90.c.obj (__aeabi_f2uiz)
C:/Users/Wangxiao/AppData/Local/stm32cube/bundles/gnu-tools-for-stm32/14.3.1+st.2/bin/../lib/gcc/arm-none-eabi/14.3.1/../../../../arm-none-eabi/lib/thumb/v7-m/nofp\libg_nano.a(libc_a-exit.o)
                              C:/Users/Wangxiao/AppData/Local/stm32cube/bundles/gnu-tools-for-stm32/14.3.1+st.2/bin/../lib/gcc/arm-none-eabi/14.3.1/../../../../arm-none-eabi/lib/thumb/v7-m/nofp/crt0.o (exit)
C:/Users/Wangxiao/AppData/Local/stm32cube/bundles/gnu-tools-for-stm32/14.3.1+st.2/bin/../lib/gcc/arm-none-eabi/14.3.1/../../../../arm-none-eabi/lib/thumb/v7-m/nofp\libg_nano.a(libc_a-findfp.o)
                              C:/Users/Wangxiao/AppData/Local/stm32cube/bundles/gnu-tools-for-stm32/14.3.1+st.2/bin/../lib/gcc/arm-none-eabi/14.3.1/../../../../arm-none-eabi/lib/thumb/v7-m/nofp\libg_nano.a(libc_a-exit.o) (__stdio_exit_handler)
C:/Users/Wangxiao/AppData/Local/stm32cube/bundles/gnu-tools-for-stm32/14.3.1+st.2/bin/../lib/gcc/arm-none-eabi/14.3.1/../../../../arm-none-eabi/lib/thumb/v7-m/nofp\libg_nano.a(libc_a-fwalk.o)
                              C:/Users/Wangxiao/AppData/Local/stm32cube/bundles/gnu-tools-for-stm32/14.3.1+st.2/bin/../lib/gcc/arm-none-eabi/14.3.1/../../../../arm-none-eabi/lib/thumb/v7-m/nofp\libg_nano.a(libc_a-findfp.o) (_fwalk_sglue)
C:/Users/Wangxiao/AppData/Local/stm32cube/bundles/gnu-tools-for-stm32/14.3.1+st.2/bin/../lib/gcc/arm-none-eabi/14.3.1/../../../../arm-none-eabi/lib/thumb/v7-m/nofp\libg_nano.a(libc_a-sprintf.o)
                              CMakeFiles/AUTO_SAIL_3.dir/Core/Src/main.c.obj (sprintf)
C:/Users/Wangxiao/AppData/Local/stm32cube/bundles/gnu-tools-for-stm32/14.3.1+st.2/bin/../lib/gcc/arm-none-eabi/14.3.1/../../../../arm-none-eabi/lib/thumb/v7-m/nofp\libg_nano.a(libc_a-stdio.o)
                              C:/Users/Wangxiao/AppData/Local/stm32cube/bundles/gnu-tools-for-stm32/14.3.1+st.2/bin/../lib/gcc/arm-none-eabi/14.3.1/../../../../arm-none-eabi/lib/thumb/v7-m/nofp\libg_nano.a(libc_a-findfp.o) (__sread)
C:/Users/Wangxiao/AppData/Local/stm32cube/bundles/gnu-tools-for-stm32/14.3.1+st.2/bin/../lib/gcc/arm-none-eabi/14.3.1/../../../../arm-none-eabi/lib/thumb/v7-m/nofp\libg_nano.a(libc_a-memset.o)
                              C:/Users/Wangxiao/AppData/Local/stm32cube/bundles/gnu-tools-for-stm32/14.3.1+st.2/bin/../lib/gcc/arm-none-eabi/14.3.1/../../../../arm-none-eabi/lib/thumb/v7-m/nofp/crt0.o (memset)
C:/Users/Wangxiao/AppData/Local/stm32cube/bundles/gnu-tools-for-stm32/14.3.1+st.2/bin/../lib/gcc/arm-none-eabi/14.3.1/../../../../arm-none-eabi/lib/thumb/v7-m/nofp\libg_nano.a(libc_a-closer.o)
                              C:/Users/Wangxiao/AppData/Local/stm32cube/bundles/gnu-tools-for-stm32/14.3.1+st.2/bin/../lib/gcc/arm-none-eabi/14.3.1/../../../../arm-none-eabi/lib/thumb/v7-m/nofp\libg_nano.a(libc_a-stdio.o) (_close_r)
C:/Users/Wangxiao/AppData/Local/stm32cube/bundles/gnu-tools-for-stm32/14.3.1+st.2/bin/../lib/gcc/arm-none-eabi/14.3.1/../../../../arm-none-eabi/lib/thumb/v7-m/nofp\libg_nano.a(libc_a-reent.o)
                              C:/Users/Wangxiao/AppData/Local/stm32cube/bundles/gnu-tools-for-stm32/14.3.1+st.2/bin/../lib/gcc/arm-none-eabi/14.3.1/../../../../arm-none-eabi/lib/thumb/v7-m/nofp\libg_nano.a(libc_a-closer.o) (errno)
C:/Users/Wangxiao/AppData/Local/stm32cube/bundles/gnu-tools-for-stm32/14.3.1+st.2/bin/../lib/gcc/arm-none-eabi/14.3.1/../../../../arm-none-eabi/lib/thumb/v7-m/nofp\libg_nano.a(libc_a-impure.o)
[...]
Memory Configuration

Name             Origin             Length             Attributes
RAM              0x20000000         0x00005000         xrw
FLASH            0x08000000         0x00010000         xr
*default*        0x00000000         0xffffffff

Linker script and memory map

LOAD C:/Users/Wangxiao/AppData/Local/stm32cube/bundles/gnu-tools-for-stm32/14.3.1+st.2/bin/../lib/gcc/arm-none-eabi/14.3.1/thumb/v7-m/nofp/crti.o
LOAD C:/Users/Wangxiao/AppData/Local/stm32cube/bundles/gnu-tools-for-stm32/14.3.1+st.2/bin/../lib/gcc/arm-none-eabi/14.3.1/thumb/v7-m/nofp/crtbegin.o
LOAD C:/Users/Wangxiao/AppData/Local/stm32cube/bundles/gnu-tools-for-stm32/14.3.1+st.2/bin/../lib/gcc/arm-none-eabi/14.3.1/../../../../arm-none-eabi/lib/thumb/v7-m/nofp/crt0.o
LOAD cmake/stm32cubemx/CMakeFiles/STM32_Drivers.dir/__/__/Core/Src/system_stm32f1xx.c.obj
LOAD cmake/stm32cubemx/CMakeFiles/STM32_Drivers.dir/__/__/Drivers/STM32F1xx_HAL_Driver/Src/stm32f1xx_hal_gpio_ex.c.obj
LOAD cmake/stm32cubemx/CMakeFiles/STM32_Drivers.dir/__/__/Drivers/STM32F1xx_HAL_Driver/Src/stm32f1xx_hal_tim.c.obj
LOAD cmake/stm32cubemx/CMakeFiles/STM32_Drivers.dir/__/__/Drivers/STM32F1xx_HAL_Driver/Src/stm32f1xx_hal_tim_ex.c.obj
LOAD cmake/stm32cubemx/CMakeFiles/STM32_Drivers.dir/__/__/Drivers/STM32F1xx_HAL_Driver/Src/stm32f1xx_hal.c.obj
LOAD cmake/stm32cubemx/CMakeFiles/STM32_Drivers.dir/__/__/Drivers/STM32F1xx_HAL_Driver/Src/stm32f1xx_hal_rcc.c.obj
LOAD cmake/stm32cubemx/CMakeFiles/STM32_Drivers.dir/__/__/Drivers/STM32F1xx_HAL_Driver/Src/stm32f1xx_hal_rcc_ex.c.obj
LOAD cmake/stm32cubemx/CMakeFiles/STM32_Drivers.dir/__/__/Drivers/STM32F1xx_HAL_Driver/Src/stm32f1xx_hal_gpio.c.obj
LOAD cmake/stm32cubemx/CMakeFiles/STM32_Drivers.dir/__/__/Drivers/STM32F1xx_HAL_Driver/Src/stm32f1xx_hal_dma.c.obj
LOAD cmake/stm32cubemx/CMakeFiles/STM32_Drivers.dir/__/__/Drivers/STM32F1xx_HAL_Driver/Src/stm32f1xx_hal_cortex.c.obj
LOAD cmake/stm32cubemx/CMakeFiles/STM32_Drivers.dir/__/__/Drivers/STM32F1xx_HAL_Driver/Src/stm32f1xx_hal_pwr.c.obj
LOAD cmake/stm32cubemx/CMakeFiles/STM32_Drivers.dir/__/__/Drivers/STM32F1xx_HAL_Driver/Src/stm32f1xx_hal_flash.c.obj
LOAD cmake/stm32cubemx/CMakeFiles/STM32_Drivers.dir/__/__/Drivers/STM32F1xx_HAL_Driver/Src/stm32f1xx_hal_flash_ex.c.obj
LOAD cmake/stm32cubemx/CMakeFiles/STM32_Drivers.dir/__/__/Drivers/STM32F1xx_HAL_Driver/Src/stm32f1xx_hal_exti.c.obj
LOAD cmake/stm32cubemx/CMakeFiles/STM32_Drivers.dir/__/__/Drivers/STM32F1xx_HAL_Driver/Src/stm32f1xx_hal_uart.c.obj
LOAD CMakeFiles/AUTO_SAIL_3.dir/Core/Src/main.c.obj
LOAD CMakeFiles/AUTO_SAIL_3.dir/Core/Src/gpio.c.obj
LOAD CMakeFiles/AUTO_SAIL_3.dir/Core/Src/tim.c.obj
LOAD CMakeFiles/AUTO_SAIL_3.dir/Core/Src/usart.c.obj
LOAD CMakeFiles/AUTO_SAIL_3.dir/Core/Src/stm32f1xx_it.c.obj
LOAD CMakeFiles/AUTO_SAIL_3.dir/Core/Src/stm32f1xx_hal_msp.c.obj
LOAD CMakeFiles/AUTO_SAIL_3.dir/Core/Src/sysmem.c.obj
LOAD CMakeFiles/AUTO_SAIL_3.dir/Core/Src/syscalls.c.obj
LOAD CMakeFiles/AUTO_SAIL_3.dir/startup_stm32f103xb.s.obj
LOAD CMakeFiles/AUTO_SAIL_3.dir/User/DRV8833/Src/drv8833.c.obj
LOAD CMakeFiles/AUTO_SAIL_3.dir/User/Infrared/Src/infrared.c.obj
LOAD CMakeFiles/AUTO_SAIL_3.dir/User/OLED/Src/oled.c.obj
LOAD CMakeFiles/AUTO_SAIL_3.dir/User/SG90/Src/sg90.c.obj
LOAD C:/Users/Wangxiao/AppData/Local/stm32cube/bundles/gnu-tools-for-stm32/14.3.1+st.2/bin/../lib/gcc/arm-none-eabi/14.3.1/../../../../arm-none-eabi/lib/thumb/v7-m/nofp\libm.a
START GROUP
LOAD C:/Users/Wangxiao/AppData/Local/stm32cube/bundles/gnu-tools-for-stm32/14.3.1+st.2/bin/../lib/gcc/arm-none-eabi/14.3.1/thumb/v7-m/nofp\libgcc.a
LOAD C:/Users/Wangxiao/AppData/Local/stm32cube/bundles/gnu-tools-for-stm32/14.3.1+st.2/bin/../lib/gcc/arm-none-eabi/14.3.1/../../../../arm-none-eabi/lib/thumb/v7-m/nofp\libg_nano.a
LOAD C:/Users/Wangxiao/AppData/Local/stm32cube/bundles/gnu-tools-for-stm32/14.3.1+st.2/bin/../lib/gcc/arm-none-eabi/14.3.1/../../../../arm-none-eabi/lib/thumb/v7-m/nofp\libc_nano.a
END GROUP
START GROUP
LOAD C:/Users/Wangxiao/AppData/Local/stm32cube/bundles/gnu-tools-for-stm32/14.3.1+st.2/bin/../lib/gcc/arm-none-eabi/14.3.1/thumb/v7-m/nofp\libgcc.a
LOAD C:/Users/Wangxiao/AppData/Local/stm32cube/bundles/gnu-tools-for-stm32/14.3.1+st.2/bin/../lib/gcc/arm-none-eabi/14.3.1/../../../../arm-none-eabi/lib/thumb/v7-m/nofp\libc_nano.a
END GROUP
LOAD C:/Users/Wangxiao/AppData/Local/stm32cube/bundles/gnu-tools-for-stm32/14.3.1+st.2/bin/../lib/gcc/arm-none-eabi/14.3.1/thumb/v7-m/nofp/crtend.o
LOAD C:/Users/Wangxiao/AppData/Local/stm32cube/bundles/gnu-tools-for-stm32/14.3.1+st.2/bin/../lib/gcc/arm-none-eabi/14.3.1/thumb/v7-m/nofp/crtn.o
                0x20005000                        _estack = (ORIGIN (RAM) + LENGTH (RAM))
                0x20004c00                        _sstack = (_estack - _Min_Stack_Size)
                0x00000200                        _Min_Heap_Size = 0x200
                0x00000400                        _Min_Stack_Size = 0x400

.isr_vector     0x08000000      0x10c
                0x08000000                        . = ALIGN (0x4)
 *(.isr_vector)
 .isr_vector    0x08000000      0x10c CMakeFiles/AUTO_SAIL_3.dir/startup_stm32f103xb.s.obj
                0x08000000                g_pfnVectors
                0x0800010c                        . = ALIGN (0x4)

.text           0x0800010c     0x4064
                0x0800010c                        . = ALIGN (0x4)
 *(.text)
 .text          0x0800010c       0x40 C:/Users/Wangxiao/AppData/Local/stm32cube/bundles/gnu-tools-for-stm32/14.3.1+st.2/bin/../lib/gcc/arm-none-eabi/14.3.1/thumb/v7-m/nofp/crtbegin.o
 .text          0x0800014c      0x21c C:/Users/Wangxiao/AppData/Local/stm32cube/bundles/gnu-tools-for-stm32/14.3.1+st.2/bin/../lib/gcc/arm-none-eabi/14.3.1/thumb/v7-m/nofp\libgcc.a(_arm_addsubsf3.o)
                0x0800014c                __aeabi_frsub
                0x08000154                __subsf3
                0x08000154                __aeabi_fsub
                0x08000158                __aeabi_fadd
                0x08000158                __addsf3
                0x080002b8                __aeabi_ui2f
                0x080002b8                __floatunsisf
                0x080002c0                __aeabi_i2f
                0x080002c0                __floatsisf
                0x080002dc                __aeabi_ul2f
                0x080002dc                __floatundisf
                0x080002ec                __aeabi_l2f
                0x080002ec                __floatdisf
 .text          0x08000368      0x2a0 C:/Users/Wangxiao/AppData/Local/stm32cube/bundles/gnu-tools-for-stm32/14.3.1+st.2/bin/../lib/gcc/arm-none-eabi/14.3.1/thumb/v7-m/nofp\libgcc.a(_arm_muldivsf3.o)
                0x08000368                __mulsf3
                0x08000368                __aeabi_fmul
                0x080004d0                __aeabi_fdiv
                0x080004d0                __divsf3
 .text          0x08000608       0xec C:/Users/Wangxiao/AppData/Local/stm32cube/bundles/gnu-tools-for-stm32/14.3.1+st.2/bin/../lib/gcc/arm-none-eabi/14.3.1/thumb/v7-m/nofp\libgcc.a(_arm_cmpsf2.o)
                0x08000608                __gesf2
                0x08000608                __gtsf2
                0x08000610                __lesf2
                0x08000610                __ltsf2
                0x08000618                __nesf2
                0x08000618                __eqsf2
                0x08000618                __cmpsf2
                0x08000678                __aeabi_cfrcmple
                0x08000680                __aeabi_cfcmpeq
                0x08000680                __aeabi_cfcmple
                0x08000690                __aeabi_fcmpeq
                0x080006a4                __aeabi_fcmplt
                0x080006b8                __aeabi_fcmple
                0x080006cc                __aeabi_fcmpge
                0x080006e0                __aeabi_fcmpgt
 .text          0x080006f4       0x40 C:/Users/Wangxiao/AppData/Local/stm32cube/bundles/gnu-tools-for-stm32/14.3.1+st.2/bin/../lib/gcc/arm-none-eabi/14.3.1/thumb/v7-m/nofp\libgcc.a(_arm_fixunssfsi.o)
                0x080006f4                __fixunssfsi
                0x080006f4                __aeabi_f2uiz
 *(.text*)
 .text.SystemInit
                0x08000734        0xc cmake/stm32cubemx/CMakeFiles/STM32_Drivers.dir/__/__/Core/Src/system_stm32f1xx.c.obj
                0x08000734                SystemInit
 .text.HAL_TIM_Base_Init
                0x08000740       0x9e cmake/stm32cubemx/CMakeFiles/STM32_Drivers.dir/__/__/Drivers/STM32F1xx_HAL_Driver/Src/stm32f1xx_hal_tim.c.obj
                0x08000740                HAL_TIM_Base_Init
 .text.HAL_TIM_PWM_Init
                0x080007de       0x9e cmake/stm32cubemx/CMakeFiles/STM32_Drivers.dir/__/__/Drivers/STM32F1xx_HAL_Driver/Src/stm32f1xx_hal_tim.c.obj
                0x080007de                HAL_TIM_PWM_Init
 .text.HAL_TIM_PWM_MspInit
                0x0800087c       0x12 cmake/stm32cubemx/CMakeFiles/STM32_Drivers.dir/__/__/Drivers/STM32F1xx_HAL_Driver/Src/stm32f1xx_hal_tim.c.obj
                0x0800087c                HAL_TIM_PWM_MspInit
 *fill*         0x0800088e        0x2 
 .text.HAL_TIM_PWM_Start
                0x08000890      0x144 cmake/stm32cubemx/CMakeFiles/STM32_Drivers.dir/__/__/Drivers/STM32F1xx_HAL_Driver/Src/stm32f1xx_hal_tim.c.obj
                0x08000890                HAL_TIM_PWM_Start
 .text.HAL_TIM_PWM_ConfigChannel
                0x080009d4      0x184 cmake/stm32cubemx/CMakeFiles/STM32_Drivers.dir/__/__/Drivers/STM32F1xx_HAL_Driver/Src/stm32f1xx_hal_tim.c.obj
                0x080009d4                HAL_TIM_PWM_ConfigChannel
 .text.HAL_TIM_ConfigClockSource
                0x08000b58      0x18e cmake/stm32cubemx/CMakeFiles/STM32_Drivers.dir/__/__/Drivers/STM32F1xx_HAL_Driver/Src/stm32f1xx_hal_tim.c.obj
                0x08000b58                HAL_TIM_ConfigClockSource
 *fill*         0x08000ce6        0x2 
 .text.TIM_Base_SetConfig
                0x08000ce8       0xdc cmake/stm32cubemx/CMakeFiles/STM32_Drivers.dir/__/__/Drivers/STM32F1xx_HAL_Driver/Src/stm32f1xx_hal_tim.c.obj
                0x08000ce8                TIM_Base_SetConfig
 .text.TIM_OC1_SetConfig
                0x08000dc4       0xcc cmake/stm32cubemx/CMakeFiles/STM32_Drivers.dir/__/__/Drivers/STM32F1xx_HAL_Driver/Src/stm32f1xx_hal_tim.c.obj
 .text.TIM_OC2_SetConfig
                0x08000e90       0xd4 cmake/stm32cubemx/CMakeFiles/STM32_Drivers.dir/__/__/Drivers/STM32F1xx_HAL_Driver/Src/stm32f1xx_hal_tim.c.obj
                0x08000e90                TIM_OC2_SetConfig
 .text.TIM_OC3_SetConfig
                0x08000f64       0xd4 cmake/stm32cubemx/CMakeFiles/STM32_Drivers.dir/__/__/Drivers/STM32F1xx_HAL_Driver/Src/stm32f1xx_hal_tim.c.obj
 .text.TIM_OC4_SetConfig
                0x08001038       0x9c cmake/stm32cubemx/CMakeFiles/STM32_Drivers.dir/__/__/Drivers/STM32F1xx_HAL_Driver/Src/stm32f1xx_hal_tim.c.obj
 .text.TIM_TI1_ConfigInputStage
                0x080010d4       0x5c cmake/stm32cubemx/CMakeFiles/STM32_Drivers.dir/__/__/Drivers/STM32F1xx_HAL_Driver/Src/stm32f1xx_hal_tim.c.obj
 .text.TIM_TI2_ConfigInputStage
                0x08001130       0x5e cmake/stm32cubemx/CMakeFiles/STM32_Drivers.dir/__/__/Drivers/STM32F1xx_HAL_Driver/Src/stm32f1xx_hal_tim.c.obj
 .text.TIM_ITRx_SetConfig
                0x0800118e       0x34 cmake/stm32cubemx/CMakeFiles/STM32_Drivers.dir/__/__/Drivers/STM32F1xx_HAL_Driver/Src/stm32f1xx_hal_tim.c.obj
 .text.TIM_ETR_SetConfig
                0x080011c2       0x3e cmake/stm32cubemx/CMakeFiles/STM32_Drivers.dir/__/__/Drivers/STM32F1xx_HAL_Driver/Src/stm32f1xx_hal_tim.c.obj
                0x080011c2                TIM_ETR_SetConfig
 .text.TIM_CCxChannelCmd
                0x08001200       0x48 cmake/stm32cubemx/CMakeFiles/STM32_Drivers.dir/__/__/Drivers/STM32F1xx_HAL_Driver/Src/stm32f1xx_hal_tim.c.obj
                0x08001200                TIM_CCxChannelCmd
 .text.HAL_TIMEx_MasterConfigSynchronization
                0x08001248       0xbc cmake/stm32cubemx/CMakeFiles/STM32_Drivers.dir/__/__/Drivers/STM32F1xx_HAL_Driver/Src/stm32f1xx_hal_tim_ex.c.obj
                0x08001248                HAL_TIMEx_MasterConfigSynchronization
 .text.HAL_Init
                0x08001304       0x2c cmake/stm32cubemx/CMakeFiles/STM32_Drivers.dir/__/__/Drivers/STM32F1xx_HAL_Driver/Src/stm32f1xx_hal.c.obj
                0x08001304                HAL_Init
 .text.HAL_InitTick
                0x08001330       0x60 cmake/stm32cubemx/CMakeFiles/STM32_Drivers.dir/__/__/Drivers/STM32F1xx_HAL_Driver/Src/stm32f1xx_hal.c.obj
                0x08001330                HAL_InitTick
 .text.HAL_IncTick
                0x08001390       0x24 cmake/stm32cubemx/CMakeFiles/STM32_Drivers.dir/__/__/Drivers/STM32F1xx_HAL_Driver/Src/stm32f1xx_hal.c.obj
                0x08001390                HAL_IncTick
 .text.HAL_GetTick
                0x080013b4       0x14 cmake/stm32cubemx/CMakeFiles/STM32_Drivers.dir/__/__/Drivers/STM32F1xx_HAL_Driver/Src/stm32f1xx_hal.c.obj
                0x080013b4                HAL_GetTick
 .text.HAL_Delay
                0x080013c8       0x48 cmake/stm32cubemx/CMakeFiles/STM32_Drivers.dir/__/__/Drivers/STM32F1xx_HAL_Driver/Src/stm32f1xx_hal.c.obj
                0x080013c8                HAL_Delay
 .text.HAL_RCC_OscConfig
                0x08001410      0x504 cmake/stm32cubemx/CMakeFiles/STM32_Drivers.dir/__/__/Drivers/STM32F1xx_HAL_Driver/Src/stm32f1xx_hal_rcc.c.obj
                0x08001410                HAL_RCC_OscConfig
 .text.HAL_RCC_ClockConfig
                0x08001914      0x1d4 cmake/stm32cubemx/CMakeFiles/STM32_Drivers.dir/__/__/Drivers/STM32F1xx_HAL_Driver/Src/stm32f1xx_hal_rcc.c.obj
                0x08001914                HAL_RCC_ClockConfig
 .text.HAL_RCC_GetSysClockFreq
                0x08001ae8       0xa8 cmake/stm32cubemx/CMakeFiles/STM32_Drivers.dir/__/__/Drivers/STM32F1xx_HAL_Driver/Src/stm32f1xx_hal_rcc.c.obj
                0x08001ae8                HAL_RCC_GetSysClockFreq
 .text.HAL_RCC_GetHCLKFreq
                0x08001b90       0x14 cmake/stm32cubemx/CMakeFiles/STM32_Drivers.dir/__/__/Drivers/STM32F1xx_HAL_Driver/Src/stm32f1xx_hal_rcc.c.obj
                0x08001b90                HAL_RCC_GetHCLKFreq
 .text.HAL_RCC_GetPCLK1Freq
                0x08001ba4       0x28 cmake/stm32cubemx/CMakeFiles/STM32_Drivers.dir/__/__/Drivers/STM32F1xx_HAL_Driver/Src/stm32f1xx_hal_rcc.c.obj
                0x08001ba4                HAL_RCC_GetPCLK1Freq
 .text.HAL_RCC_GetPCLK2Freq
                0x08001bcc       0x28 cmake/stm32cubemx/CMakeFiles/STM32_Drivers.dir/__/__/Drivers/STM32F1xx_HAL_Driver/Src/stm32f1xx_hal_rcc.c.obj
                0x08001bcc                HAL_RCC_GetPCLK2Freq
 .text.RCC_Delay
                0x08001bf4       0x3c cmake/stm32cubemx/CMakeFiles/STM32_Drivers.dir/__/__/Drivers/STM32F1xx_HAL_Driver/Src/stm32f1xx_hal_rcc.c.obj
 .text.HAL_GPIO_Init
                0x08001c30      0x308 cmake/stm32cubemx/CMakeFiles/STM32_Drivers.dir/__/__/Drivers/STM32F1xx_HAL_Driver/Src/stm32f1xx_hal_gpio.c.obj
                0x08001c30                HAL_GPIO_Init
 .text.HAL_GPIO_ReadPin
                0x08001f38       0x2e cmake/stm32cubemx/CMakeFiles/STM32_Drivers.dir/__/__/Drivers/STM32F1xx_HAL_Driver/Src/stm32f1xx_hal_gpio.c.obj
                0x08001f38                HAL_GPIO_ReadPin
 .text.HAL_GPIO_WritePin
                0x08001f66       0x30 cmake/stm32cubemx/CMakeFiles/STM32_Drivers.dir/__/__/Drivers/STM32F1xx_HAL_Driver/Src/stm32f1xx_hal_gpio.c.obj
                0x08001f66                HAL_GPIO_WritePin
 .text.HAL_GPIO_TogglePin
                0x08001f96       0x32 cmake/stm32cubemx/CMakeFiles/STM32_Drivers.dir/__/__/Drivers/STM32F1xx_HAL_Driver/Src/stm32f1xx_hal_gpio.c.obj
                0x08001f96                HAL_GPIO_TogglePin
 .text.HAL_GPIO_EXTI_IRQHandler
                0x08001fc8       0x30 cmake/stm32cubemx/CMakeFiles/STM32_Drivers.dir/__/__/Drivers/STM32F1xx_HAL_Driver/Src/stm32f1xx_hal_gpio.c.obj
                0x08001fc8                HAL_GPIO_EXTI_IRQHandler
 .text.__NVIC_SetPriorityGrouping
                0x08001ff8       0x48 cmake/stm32cubemx/CMakeFiles/STM32_Drivers.dir/__/__/Drivers/STM32F1xx_HAL_Driver/Src/stm32f1xx_hal_cortex.c.obj
 .text.__NVIC_GetPriorityGrouping
                0x08002040       0x1c cmake/stm32cubemx/CMakeFiles/STM32_Drivers.dir/__/__/Drivers/STM32F1xx_HAL_Driver/Src/stm32f1xx_hal_cortex.c.obj
 .text.__NVIC_EnableIRQ
                0x0800205c       0x38 cmake/stm32cubemx/CMakeFiles/STM32_Drivers.dir/__/__/Drivers/STM32F1xx_HAL_Driver/Src/stm32f1xx_hal_cortex.c.obj
 .text.__NVIC_SetPriority
                0x08002094       0x54 cmake/stm32cubemx/CMakeFiles/STM32_Drivers.dir/__/__/Drivers/STM32F1xx_HAL_Driver/Src/stm32f1xx_hal_cortex.c.obj
 .text.NVIC_EncodePriority
                0x080020e8       0x64 cmake/stm32cubemx/CMakeFiles/STM32_Drivers.dir/__/__/Drivers/STM32F1xx_HAL_Driver/Src/stm32f1xx_hal_cortex.c.obj
 .text.SysTick_Config
                0x0800214c       0x44 cmake/stm32cubemx/CMakeFiles/STM32_Drivers.dir/__/__/Drivers/STM32F1xx_HAL_Driver/Src/stm32f1xx_hal_cortex.c.obj
 .text.HAL_NVIC_SetPriorityGrouping
                0x08002190       0x16 cmake/stm32cubemx/CMakeFiles/STM32_Drivers.dir/__/__/Drivers/STM32F1xx_HAL_Driver/Src/stm32f1xx_hal_cortex.c.obj
                0x08002190                HAL_NVIC_SetPriorityGrouping
 .text.HAL_NVIC_SetPriority
                0x080021a6       0x38 cmake/stm32cubemx/CMakeFiles/STM32_Drivers.dir/__/__/Drivers/STM32F1xx_HAL_Driver/Src/stm32f1xx_hal_cortex.c.obj
                0x080021a6                HAL_NVIC_SetPriority
 .text.HAL_NVIC_EnableIRQ
                0x080021de       0x1c cmake/stm32cubemx/CMakeFiles/STM32_Drivers.dir/__/__/Drivers/STM32F1xx_HAL_Driver/Src/stm32f1xx_hal_cortex.c.obj
                0x080021de                HAL_NVIC_EnableIRQ
 .text.HAL_SYSTICK_Config
                0x080021fa       0x18 cmake/stm32cubemx/CMakeFiles/STM32_Drivers.dir/__/__/Drivers/STM32F1xx_HAL_Driver/Src/stm32f1xx_hal_cortex.c.obj
                0x080021fa                HAL_SYSTICK_Config
 .text.HAL_UART_Init
                0x08002212       0xa0 cmake/stm32cubemx/CMakeFiles/STM32_Drivers.dir/__/__/Drivers/STM32F1xx_HAL_Driver/Src/stm32f1xx_hal_uart.c.obj
                0x08002212                HAL_UART_Init
 *fill*         0x080022b2        0x2 
 .text.UART_SetConfig
                0x080022b4      0x11c cmake/stm32cubemx/CMakeFiles/STM32_Drivers.dir/__/__/Drivers/STM32F1xx_HAL_Driver/Src/stm32f1xx_hal_uart.c.obj
 .text.HAL_GPIO_EXTI_Callback
                0x080023d0      0x12c CMakeFiles/AUTO_SAIL_3.dir/Core/Src/main.c.obj
                0x080023d0                HAL_GPIO_EXTI_Callback
 .text.main     0x080024fc      0x2a0 CMakeFiles/AUTO_SAIL_3.dir/Core/Src/main.c.obj
                0x080024fc                main
 .text.SystemClock_Config
                0x0800279c       0x8a CMakeFiles/AUTO_SAIL_3.dir/Core/Src/main.c.obj
                0x0800279c                SystemClock_Config
 .text.Error_Handler
                0x08002826        0xc CMakeFiles/AUTO_SAIL_3.dir/Core/Src/main.c.obj
                0x08002826                Error_Handler
 *fill*         0x08002832        0x2 
 .text.MX_GPIO_Init
                0x08002834      0x100 CMakeFiles/AUTO_SAIL_3.dir/Core/Src/gpio.c.obj
                0x08002834                MX_GPIO_Init
 .text.MX_TIM2_Init
                0x08002934       0xec CMakeFiles/AUTO_SAIL_3.dir/Core/Src/tim.c.obj
                0x08002934                MX_TIM2_Init
 .text.MX_TIM4_Init
                0x08002a20      0x100 CMakeFiles/AUTO_SAIL_3.dir/Core/Src/tim.c.obj
                0x08002a20                MX_TIM4_Init
 .text.HAL_TIM_Base_MspInit
                0x08002b20       0x60 CMakeFiles/AUTO_SAIL_3.dir/Core/Src/tim.c.obj
                0x08002b20                HAL_TIM_Base_MspInit
 .text.HAL_TIM_MspPostInit
                0x08002b80       0xa4 CMakeFiles/AUTO_SAIL_3.dir/Core/Src/tim.c.obj
                0x08002b80                HAL_TIM_MspPostInit
 .text.MX_USART2_UART_Init
                0x08002c24       0x54 CMakeFiles/AUTO_SAIL_3.dir/Core/Src/usart.c.obj
                0x08002c24                MX_USART2_UART_Init
 .text.HAL_UART_MspInit
                0x08002c78       0x94 CMakeFiles/AUTO_SAIL_3.dir/Core/Src/usart.c.obj
                0x08002c78                HAL_UART_MspInit
 .text.NMI_Handler
                0x08002d0c        0x8 CMakeFiles/AUTO_SAIL_3.dir/Core/Src/stm32f1xx_it.c.obj
                0x08002d0c                NMI_Handler
 .text.HardFault_Handler
                0x08002d14        0x8 CMakeFiles/AUTO_SAIL_3.dir/Core/Src/stm32f1xx_it.c.obj
                0x08002d14                HardFault_Handler
 .text.MemManage_Handler
                0x08002d1c        0x8 CMakeFiles/AUTO_SAIL_3.dir/Core/Src/stm32f1xx_it.c.obj
                0x08002d1c                MemManage_Handler
 .text.BusFault_Handler
                0x08002d24        0x8 CMakeFiles/AUTO_SAIL_3.dir/Core/Src/stm32f1xx_it.c.obj
                0x08002d24                BusFault_Handler
 .text.UsageFault_Handler
                0x08002d2c        0x8 CMakeFiles/AUTO_SAIL_3.dir/Core/Src/stm32f1xx_it.c.obj
                0x08002d2c                UsageFault_Handler
 .text.SVC_Handler
                0x08002d34        0xc CMakeFiles/AUTO_SAIL_3.dir/Core/Src/stm32f1xx_it.c.obj
                0x08002d34                SVC_Handler
 .text.DebugMon_Handler
                0x08002d40        0xc CMakeFiles/AUTO_SAIL_3.dir/Core/Src/stm32f1xx_it.c.obj
                0x08002d40                DebugMon_Handler
 .text.PendSV_Handler
                0x08002d4c        0xc CMakeFiles/AUTO_SAIL_3.dir/Core/Src/stm32f1xx_it.c.obj
                0x08002d4c                PendSV_Handler
 .text.SysTick_Handler
                0x08002d58        0xc CMakeFiles/AUTO_SAIL_3.dir/Core/Src/stm32f1xx_it.c.obj
                0x08002d58                SysTick_Handler
 .text.EXTI4_IRQHandler
                0x08002d64        0xe CMakeFiles/AUTO_SAIL_3.dir/Core/Src/stm32f1xx_it.c.obj
                0x08002d64                EXTI4_IRQHandler
 .text.EXTI9_5_IRQHandler
                0x08002d72       0x2a CMakeFiles/AUTO_SAIL_3.dir/Core/Src/stm32f1xx_it.c.obj
                0x08002d72                EXTI9_5_IRQHandler
 .text.EXTI15_10_IRQHandler
                0x08002d9c       0x20 CMakeFiles/AUTO_SAIL_3.dir/Core/Src/stm32f1xx_it.c.obj
                0x08002d9c                EXTI15_10_IRQHandler
 .text.HAL_MspInit
                0x08002dbc       0x64 CMakeFiles/AUTO_SAIL_3.dir/Core/Src/stm32f1xx_hal_msp.c.obj
                0x08002dbc                HAL_MspInit
 .text._sbrk    0x08002e20       0x6c CMakeFiles/AUTO_SAIL_3.dir/Core/Src/sysmem.c.obj
                0x08002e20                _sbrk
 .text.Reset_Handler
                0x08002e8c       0x48 CMakeFiles/AUTO_SAIL_3.dir/startup_stm32f103xb.s.obj
                0x08002e8c                Reset_Handler
 .text.Default_Handler
                0x08002ed4        0x2 CMakeFiles/AUTO_SAIL_3.dir/startup_stm32f103xb.s.obj
                0x08002ed4                RTC_Alarm_IRQHandler
                0x08002ed4                EXTI2_IRQHandler
                0x08002ed4                TIM1_CC_IRQHandler
                0x08002ed4                PVD_IRQHandler
                0x08002ed4                EXTI3_IRQHandler
                0x08002ed4                EXTI0_IRQHandler
                0x08002ed4                I2C2_EV_IRQHandler
                0x08002ed4                ADC1_2_IRQHandler
                0x08002ed4                SPI1_IRQHandler
                0x08002ed4                TAMPER_IRQHandler
                0x08002ed4                DMA1_Channel4_IRQHandler
                0x08002ed4                USART3_IRQHandler
                0x08002ed4                RTC_IRQHandler
                0x08002ed4                DMA1_Channel7_IRQHandler
                0x08002ed4                CAN1_RX1_IRQHandler
                0x08002ed4                TIM4_IRQHandler
                0x08002ed4                I2C1_EV_IRQHandler
                0x08002ed4                DMA1_Channel6_IRQHandler
                0x08002ed4                TIM3_IRQHandler
                0x08002ed4                RCC_IRQHandler
                0x08002ed4                TIM1_TRG_COM_IRQHandler
                0x08002ed4                DMA1_Channel1_IRQHandler
                0x08002ed4                Default_Handler
                0x08002ed4                SPI2_IRQHandler
                0x08002ed4                DMA1_Channel5_IRQHandler
                0x08002ed4                USB_LP_CAN1_RX0_IRQHandler
                0x08002ed4                USB_HP_CAN1_TX_IRQHandler
                0x08002ed4                DMA1_Channel3_IRQHandler
                0x08002ed4                TIM1_UP_IRQHandler
                0x08002ed4                WWDG_IRQHandler
                0x08002ed4                TIM2_IRQHandler
                0x08002ed4                TIM1_BRK_IRQHandler
                0x08002ed4                EXTI1_IRQHandler
                0x08002ed4                USART2_IRQHandler
                0x08002ed4                I2C2_ER_IRQHandler
                0x08002ed4                DMA1_Channel2_IRQHandler
                0x08002ed4                CAN1_SCE_IRQHandler
                0x08002ed4                FLASH_IRQHandler
                0x08002ed4                USART1_IRQHandler
                0x08002ed4                I2C1_ER_IRQHandler
                0x08002ed4                USBWakeUp_IRQHandler
 *fill*         0x08002ed6        0x2 
 .text.__SetIn1PWM
                0x08002ed8       0x20 CMakeFiles/AUTO_SAIL_3.dir/User/DRV8833/Src/drv8833.c.obj
 .text.__SetIn2PWM
                0x08002ef8       0x20 CMakeFiles/AUTO_SAIL_3.dir/User/DRV8833/Src/drv8833.c.obj
 .text.DRV8833_Init
                0x08002f18       0x1c CMakeFiles/AUTO_SAIL_3.dir/User/DRV8833/Src/drv8833.c.obj
                0x08002f18                DRV8833_Init
 .text.DRV8833_Forward
                0x08002f34       0x4c CMakeFiles/AUTO_SAIL_3.dir/User/DRV8833/Src/drv8833.c.obj
                0x08002f34                DRV8833_Forward
 .text.Infrared_Init
                0x08002f80       0x3c CMakeFiles/AUTO_SAIL_3.dir/User/Infrared/Src/infrared.c.obj
                0x08002f80                Infrared_Init
 .text.Infrared_IsSensorMasked
                0x08002fbc       0x64 CMakeFiles/AUTO_SAIL_3.dir/User/Infrared/Src/infrared.c.obj
                0x08002fbc                Infrared_IsSensorMasked
 .text.Infrared_CalcWeightSum
                0x08003020       0x5c CMakeFiles/AUTO_SAIL_3.dir/User/Infrared/Src/infrared.c.obj
                0x08003020                Infrared_CalcWeightSum
 .text.Infrared_ResetTriggerStatus
                0x0800307c       0x30 CMakeFiles/AUTO_SAIL_3.dir/User/Infrared/Src/infrared.c.obj
                0x0800307c                Infrared_ResetTriggerStatus
 .text.Infrared_SetTriggerStatus
                0x080030ac       0x38 CMakeFiles/AUTO_SAIL_3.dir/User/Infrared/Src/infrared.c.obj
                0x080030ac                Infrared_SetTriggerStatus
 .text.Infrared_SetMaskSide
                0x080030e4       0x20 CMakeFiles/AUTO_SAIL_3.dir/User/Infrared/Src/infrared.c.obj
                0x080030e4                Infrared_SetMaskSide
 .text.Infrared_GetMaskSide
                0x08003104       0x14 CMakeFiles/AUTO_SAIL_3.dir/User/Infrared/Src/infrared.c.obj
                0x08003104                Infrared_GetMaskSide
 .text.OLED_I2C_Delay
                0x08003118       0x28 CMakeFiles/AUTO_SAIL_3.dir/User/OLED/Src/oled.c.obj
 .text.OLED_I2C_SCL
                0x08003140       0x30 CMakeFiles/AUTO_SAIL_3.dir/User/OLED/Src/oled.c.obj
 .text.OLED_I2C_SDA
                0x08003170       0x30 CMakeFiles/AUTO_SAIL_3.dir/User/OLED/Src/oled.c.obj
 .text.OLED_I2C_Start
                0x080031a0       0x28 CMakeFiles/AUTO_SAIL_3.dir/User/OLED/Src/oled.c.obj
 .text.OLED_I2C_Stop
                0x080031c8       0x22 CMakeFiles/AUTO_SAIL_3.dir/User/OLED/Src/oled.c.obj
 .text.OLED_I2C_SendByte
                0x080031ea       0x64 CMakeFiles/AUTO_SAIL_3.dir/User/OLED/Src/oled.c.obj
 .text.OLED_WriteCmd
                0x0800324e       0x2e CMakeFiles/AUTO_SAIL_3.dir/User/OLED/Src/oled.c.obj
 .text.OLED_WriteBytes
                0x0800327c       0x50 CMakeFiles/AUTO_SAIL_3.dir/User/OLED/Src/oled.c.obj
 .text.OLED_Init
                0x080032cc       0xe8 CMakeFiles/AUTO_SAIL_3.dir/User/OLED/Src/oled.c.obj
                0x080032cc                OLED_Init
 .text.OLED_Clear
                0x080033b4       0x1c CMakeFiles/AUTO_SAIL_3.dir/User/OLED/Src/oled.c.obj
                0x080033b4                OLED_Clear
 .text.OLED_Refresh
                0x080033d0       0x50 CMakeFiles/AUTO_SAIL_3.dir/User/OLED/Src/oled.c.obj
                0x080033d0                OLED_Refresh
 .text.OLED_DrawPoint
                0x08003420       0xa4 CMakeFiles/AUTO_SAIL_3.dir/User/OLED/Src/oled.c.obj
                0x08003420                OLED_DrawPoint
 .text.OLED_ShowChar6x8
                0x080034c4       0x90 CMakeFiles/AUTO_SAIL_3.dir/User/OLED/Src/oled.c.obj
 .text.OLED_ShowChar8x16
                0x08003554       0xc8 CMakeFiles/AUTO_SAIL_3.dir/User/OLED/Src/oled.c.obj
 .text.OLED_ShowChar
                0x0800361c       0x46 CMakeFiles/AUTO_SAIL_3.dir/User/OLED/Src/oled.c.obj
                0x0800361c                OLED_ShowChar
 .text.OLED_ShowString
                0x08003662       0x6a CMakeFiles/AUTO_SAIL_3.dir/User/OLED/Src/oled.c.obj
                0x08003662                OLED_ShowString
 .text.__SG90_SetDuty
                0x080036cc       0x6c CMakeFiles/AUTO_SAIL_3.dir/User/SG90/Src/sg90.c.obj
                0x080036cc                __SG90_SetDuty
 .text.SG90_Init
                0x08003738       0x1c CMakeFiles/AUTO_SAIL_3.dir/User/SG90/Src/sg90.c.obj
                0x08003738                SG90_Init
 .text.SG90_SetAngle
                0x08003754       0x50 CMakeFiles/AUTO_SAIL_3.dir/User/SG90/Src/sg90.c.obj
                0x08003754                SG90_SetAngle
 .text.SG90_CalcTargetAngle
                0x080037a4       0x44 CMakeFiles/AUTO_SAIL_3.dir/User/SG90/Src/sg90.c.obj
                0x080037a4                SG90_CalcTargetAngle
 .text.sprintf  0x080037e8       0x44 C:/Users/Wangxiao/AppData/Local/stm32cube/bundles/gnu-tools-for-stm32/14.3.1+st.2/bin/../lib/gcc/arm-none-eabi/14.3.1/../../../../arm-none-eabi/lib/thumb/v7-m/nofp\libg_nano.a(libc_a-sprintf.o)
                0x080037e8                siprintf
                0x080037e8                sprintf
 .text.memset   0x0800382c       0x10 C:/Users/Wangxiao/AppData/Local/stm32cube/bundles/gnu-tools-for-stm32/14.3.1+st.2/bin/../lib/gcc/arm-none-eabi/14.3.1/../../../../arm-none-eabi/lib/thumb/v7-m/nofp\libg_nano.a(libc_a-memset.o)
                0x0800382c                memset
 .text.__errno  0x0800383c        0xc C:/Users/Wangxiao/AppData/Local/stm32cube/bundles/gnu-tools-for-stm32/14.3.1+st.2/bin/../lib/gcc/arm-none-eabi/14.3.1/../../../../arm-none-eabi/lib/thumb/v7-m/nofp\libg_nano.a(libc_a-errno.o)
                0x0800383c                __errno
 .text.__libc_init_array
                0x08003848       0x48 C:/Users/Wangxiao/AppData/Local/stm32cube/bundles/gnu-tools-for-stm32/14.3.1+st.2/bin/../lib/gcc/arm-none-eabi/14.3.1/../../../../arm-none-eabi/lib/thumb/v7-m/nofp\libg_nano.a(libc_a-init.o)
                0x08003848                __libc_init_array
 .text.__retarget_lock_acquire_recursive
                0x08003890        0x2 C:/Users/Wangxiao/AppData/Local/stm32cube/bundles/gnu-tools-for-stm32/14.3.1+st.2/bin/../lib/gcc/arm-none-eabi/14.3.1/../../../../arm-none-eabi/lib/thumb/v7-m/nofp\libg_nano.a(libc_a-lock.o)
                0x08003890                __retarget_lock_acquire_recursive
 .text.__retarget_lock_release_recursive
                0x08003892        0x2 C:/Users/Wangxiao/AppData/Local/stm32cube/bundles/gnu-tools-for-stm32/14.3.1+st.2/bin/../lib/gcc/arm-none-eabi/14.3.1/../../../../arm-none-eabi/lib/thumb/v7-m/nofp\libg_nano.a(libc_a-lock.o)
                0x08003892                __retarget_lock_release_recursive
 .text._free_r  0x08003894       0x90 C:/Users/Wangxiao/AppData/Local/stm32cube/bundles/gnu-tools-for-stm32/14.3.1+st.2/bin/../lib/gcc/arm-none-eabi/14.3.1/../../../../arm-none-eabi/lib/thumb/v7-m/nofp\libg_nano.a(libc_a-freer.o)
                0x08003894                _free_r
 .text.sbrk_aligned
                0x08003924       0x44 C:/Users/Wangxiao/AppData/Local/stm32cube/bundles/gnu-tools-for-stm32/14.3.1+st.2/bin/../lib/gcc/arm-none-eabi/14.3.1/../../../../arm-none-eabi/lib/thumb/v7-m/nofp\libg_nano.a(libc_a-mallocr.o)
 .text._malloc_r
                0x08003968      0x100 C:/Users/Wangxiao/AppData/Local/stm32cube/bundles/gnu-tools-for-stm32/14.3.1+st.2/bin/../lib/gcc/arm-none-eabi/14.3.1/../../../../arm-none-eabi/lib/thumb/v7-m/nofp\libg_nano.a(libc_a-mallocr.o)
                0x08003968                _malloc_r
 .text.__malloc_lock
                0x08003a68        0xc C:/Users/Wangxiao/AppData/Local/stm32cube/bundles/gnu-tools-for-stm32/14.3.1+st.2/bin/../lib/gcc/arm-none-eabi/14.3.1/../../../../arm-none-eabi/lib/thumb/v7-m/nofp\libg_nano.a(libc_a-mlock.o)
                0x08003a68                __malloc_lock
 .text.__malloc_unlock
                0x08003a74        0xc C:/Users/Wangxiao/AppData/Local/stm32cube/bundles/gnu-tools-for-stm32/14.3.1+st.2/bin/../lib/gcc/arm-none-eabi/14.3.1/../../../../arm-none-eabi/lib/thumb/v7-m/nofp\libg_nano.a(libc_a-mlock.o)
                0x08003a74                __malloc_unlock
 .text.__ssputs_r
                0x08003a80       0xc0 C:/Users/Wangxiao/AppData/Local/stm32cube/bundles/gnu-tools-for-stm32/14.3.1+st.2/bin/../lib/gcc/arm-none-eabi/14.3.1/../../../../arm-none-eabi/lib/thumb/v7-m/nofp\libg_nano.a(libc_a-nano-svfprintf.o)
                0x08003a80                __ssputs_r
 .text._svfprintf_r
                0x08003b40      0x1f0 C:/Users/Wangxiao/AppData/Local/stm32cube/bundles/gnu-tools-for-stm32/14.3.1+st.2/bin/../lib/gcc/arm-none-eabi/14.3.1/../../../../arm-none-eabi/lib/thumb/v7-m/nofp\libg_nano.a(libc_a-nano-svfprintf.o)
                0x08003b40                _svfiprintf_r
                0x08003b40                _svfprintf_r
 .text._printf_common
                0x08003d30       0xe4 C:/Users/Wangxiao/AppData/Local/stm32cube/bundles/gnu-tools-for-stm32/14.3.1+st.2/bin/../lib/gcc/arm-none-eabi/14.3.1/../../../../arm-none-eabi/lib/thumb/v7-m/nofp\libg_nano.a(libc_a-nano-vfprintf_i.o)
                0x08003d30                _printf_common
 .text._printf_i
                0x08003e14      0x24c C:/Users/Wangxiao/AppData/Local/stm32cube/bundles/gnu-tools-for-stm32/14.3.1+st.2/bin/../lib/gcc/arm-none-eabi/14.3.1/../../../../arm-none-eabi/lib/thumb/v7-m/nofp\libg_nano.a(libc_a-nano-vfprintf_i.o)
                0x08003e14                _printf_i
 .text.memmove  0x08004060       0x32 C:/Users/Wangxiao/AppData/Local/stm32cube/bundles/gnu-tools-for-stm32/14.3.1+st.2/bin/../lib/gcc/arm-none-eabi/14.3.1/../../../../arm-none-eabi/lib/thumb/v7-m/nofp\libg_nano.a(libc_a-memmove.o)
                0x08004060                memmove
 *fill*         0x08004092        0x2 
 .text._sbrk_r  0x08004094       0x20 C:/Users/Wangxiao/AppData/Local/stm32cube/bundles/gnu-tools-for-stm32/14.3.1+st.2/bin/../lib/gcc/arm-none-eabi/14.3.1/../../../../arm-none-eabi/lib/thumb/v7-m/nofp\libg_nano.a(libc_a-sbrkr.o)
                0x08004094                _sbrk_r
 .text.memchr   0x080040b4       0x1c C:/Users/Wangxiao/AppData/Local/stm32cube/bundles/gnu-tools-for-stm32/14.3.1+st.2/bin/../lib/gcc/arm-none-eabi/14.3.1/../../../../arm-none-eabi/lib/thumb/v7-m/nofp\libg_nano.a(libc_a-memchr-stub.o)
                0x080040b4                memchr
 .text.memcpy   0x080040d0       0x1c C:/Users/Wangxiao/AppData/Local/stm32cube/bundles/gnu-tools-for-stm32/14.3.1+st.2/bin/../lib/gcc/arm-none-eabi/14.3.1/../../../../arm-none-eabi/lib/thumb/v7-m/nofp\libg_nano.a(libc_a-memcpy-stub.o)
                0x080040d0                memcpy
 .text._realloc_r
                0x080040ec       0x5c C:/Users/Wangxiao/AppData/Local/stm32cube/bundles/gnu-tools-for-stm32/14.3.1+st.2/bin/../lib/gcc/arm-none-eabi/14.3.1/../../../../arm-none-eabi/lib/thumb/v7-m/nofp\libg_nano.a(libc_a-reallocr.o)
                0x080040ec                _realloc_r
 .text._malloc_usable_size_r
                0x08004148       0x10 C:/Users/Wangxiao/AppData/Local/stm32cube/bundles/gnu-tools-for-stm32/14.3.1+st.2/bin/../lib/gcc/arm-none-eabi/14.3.1/../../../../arm-none-eabi/lib/thumb/v7-m/nofp\libg_nano.a(libc_a-msizer.o)
                0x08004148                _malloc_usable_size_r
 *(.glue_7)
 .glue_7        0x08004158        0x0 linker stubs
 *(.glue_7t)
 .glue_7t       0x08004158        0x0 linker stubs
 *(.eh_frame)
 .eh_frame      0x08004158        0x0 C:/Users/Wangxiao/AppData/Local/stm32cube/bundles/gnu-tools-for-stm32/14.3.1+st.2/bin/../lib/gcc/arm-none-eabi/14.3.1/thumb/v7-m/nofp/crtbegin.o
 *(.init)
 .init          0x08004158        0x4 C:/Users/Wangxiao/AppData/Local/stm32cube/bundles/gnu-tools-for-stm32/14.3.1+st.2/bin/../lib/gcc/arm-none-eabi/14.3.1/thumb/v7-m/nofp/crti.o
                0x08004158                _init
 .init          0x0800415c        0x8 C:/Users/Wangxiao/AppData/Local/stm32cube/bundles/gnu-tools-for-stm32/14.3.1+st.2/bin/../lib/gcc/arm-none-eabi/14.3.1/thumb/v7-m/nofp/crtn.o
 *(.fini)
 .fini          0x08004164        0x4 C:/Users/Wangxiao/AppData/Local/stm32cube/bundles/gnu-tools-for-stm32/14.3.1+st.2/bin/../lib/gcc/arm-none-eabi/14.3.1/thumb/v7-m/nofp/crti.o
                0x08004164                _fini
 .fini          0x08004168        0x8 C:/Users/Wangxiao/AppData/Local/stm32cube/bundles/gnu-tools-for-stm32/14.3.1+st.2/bin/../lib/gcc/arm-none-eabi/14.3.1/thumb/v7-m/nofp/crtn.o
                0x08004170                        . = ALIGN (0x4)
                0x08004170                        _etext = .

.vfp11_veneer   0x08004170        0x0
 .vfp11_veneer  0x08004170        0x0 linker stubs

.v4_bx          0x08004170        0x0
 .v4_bx         0x08004170        0x0 linker stubs

.iplt           0x08004170        0x0
 .iplt          0x08004170        0x0 C:/Users/Wangxiao/AppData/Local/stm32cube/bundles/gnu-tools-for-stm32/14.3.1+st.2/bin/../lib/gcc/arm-none-eabi/14.3.1/thumb/v7-m/nofp/crtbegin.o

.rodata         0x08004170      0x8dc
                0x08004170                        . = ALIGN (0x4)
 *(.rodata)
 .rodata        0x08004170       0x2e CMakeFiles/AUTO_SAIL_3.dir/Core/Src/main.c.obj
 *(.rodata*)
 *fill*         0x0800419e        0x2 
 .rodata.AHBPrescTable
                0x080041a0       0x10 cmake/stm32cubemx/CMakeFiles/STM32_Drivers.dir/__/__/Core/Src/system_stm32f1xx.c.obj
                0x080041a0                AHBPrescTable
 .rodata.APBPrescTable
                0x080041b0        0x8 cmake/stm32cubemx/CMakeFiles/STM32_Drivers.dir/__/__/Core/Src/system_stm32f1xx.c.obj
                0x080041b0                APBPrescTable
 .rodata.aPLLMULFactorTable.1
                0x080041b8       0x10 cmake/stm32cubemx/CMakeFiles/STM32_Drivers.dir/__/__/Drivers/STM32F1xx_HAL_Driver/Src/stm32f1xx_hal_rcc.c.obj
 .rodata.aPredivFactorTable.0
                0x080041c8        0x2 cmake/stm32cubemx/CMakeFiles/STM32_Drivers.dir/__/__/Drivers/STM32F1xx_HAL_Driver/Src/stm32f1xx_hal_rcc.c.obj
 *fill*         0x080041ca        0x2 
 .rodata.ir_enable_mask
                0x080041cc        0x9 CMakeFiles/AUTO_SAIL_3.dir/Core/Src/main.c.obj
 *fill*         0x080041d5        0x3 
 .rodata.ir_weights
                0x080041d8        0x9 CMakeFiles/AUTO_SAIL_3.dir/User/Infrared/Src/infrared.c.obj
 *fill*         0x080041e1        0x3 
 .rodata.mask_left_sensors
                0x080041e4        0x3 CMakeFiles/AUTO_SAIL_3.dir/User/Infrared/Src/infrared.c.obj
 *fill*         0x080041e7        0x1 
 .rodata.mask_right_sensors
                0x080041e8        0x3 CMakeFiles/AUTO_SAIL_3.dir/User/Infrared/Src/infrared.c.obj
 *fill*         0x080041eb        0x1 
 .rodata.F6x8   0x080041ec      0x23a CMakeFiles/AUTO_SAIL_3.dir/User/OLED/Src/oled.c.obj
 *fill*         0x08004426        0x2 
 .rodata.F8x16  0x08004428      0x5f0 CMakeFiles/AUTO_SAIL_3.dir/User/OLED/Src/oled.c.obj
 .rodata._svfprintf_r.str1.1
                0x08004a18       0x33 C:/Users/Wangxiao/AppData/Local/stm32cube/bundles/gnu-tools-for-stm32/14.3.1+st.2/bin/../lib/gcc/arm-none-eabi/14.3.1/../../../../arm-none-eabi/lib/thumb/v7-m/nofp\libg_nano.a(libc_a-nano-svfprintf.o)
                                 0x11 (size before relaxing)
 .rodata._printf_i.str1.1
                0x08004a4b       0x22 C:/Users/Wangxiao/AppData/Local/stm32cube/bundles/gnu-tools-for-stm32/14.3.1+st.2/bin/../lib/gcc/arm-none-eabi/14.3.1/../../../../arm-none-eabi/lib/thumb/v7-m/nofp\libg_nano.a(libc_a-nano-vfprintf_i.o)
                0x08004a70                        . = ALIGN (0x4)
 *fill*         0x08004a4b        0x1 

.ARM.extab      0x08004a4c        0x0
                0x08004a4c                        . = ALIGN (0x4)
 *(.ARM.extab* .gnu.linkonce.armextab.*)
                0x08004a4c                        . = ALIGN (0x4)

.ARM            0x08004a4c        0x0
                0x08004a4c                        . = ALIGN (0x4)
                0x08004a4c                        __exidx_start = .
 *(.ARM.exidx*)
                0x08004a4c                        __exidx_end = .
                0x08004a4c                        . = ALIGN (0x4)

.preinit_array  0x08004a4c        0x0
                0x08004a4c                        . = ALIGN (0x4)
                0x08004a4c                        PROVIDE (__preinit_array_start = .)
 *(.preinit_array*)
                0x08004a4c                        PROVIDE (__preinit_array_end = .)
                0x08004a4c                        . = ALIGN (0x4)

.init_array     0x08004a4c        0x4
                0x08004a4c                        . = ALIGN (0x4)
                0x08004a4c                        PROVIDE (__init_array_start = .)
 *(SORT_BY_NAME(.init_array.*))
 *(.init_array*)
 .init_array    0x08004a4c        0x4 C:/Users/Wangxiao/AppData/Local/stm32cube/bundles/gnu-tools-for-stm32/14.3.1+st.2/bin/../lib/gcc/arm-none-eabi/14.3.1/thumb/v7-m/nofp/crtbegin.o
                0x08004a50                        PROVIDE (__init_array_end = .)
                0x08004a50                        . = ALIGN (0x4)

.fini_array     0x08004a50        0x4
                0x08004a50                        . = ALIGN (0x4)
                [!provide]                        PROVIDE (__fini_array_start = .)
 *(SORT_BY_NAME(.fini_array.*))
 *(.fini_array*)
 .fini_array    0x08004a50        0x4 C:/Users/Wangxiao/AppData/Local/stm32cube/bundles/gnu-tools-for-stm32/14.3.1+st.2/bin/../lib/gcc/arm-none-eabi/14.3.1/thumb/v7-m/nofp/crtbegin.o
                [!provide]                        PROVIDE (__fini_array_end = .)
                0x08004a54                        . = ALIGN (0x4)
                0x08004a54                        _sidata = LOADADDR (.data)

.rel.dyn        0x08004a54        0x0
 .rel.iplt      0x08004a54        0x0 C:/Users/Wangxiao/AppData/Local/stm32cube/bundles/gnu-tools-for-stm32/14.3.1+st.2/bin/../lib/gcc/arm-none-eabi/14.3.1/thumb/v7-m/nofp/crtbegin.o

.data           0x20000000       0x5c load address 0x08004a54
                0x20000000                        . = ALIGN (0x4)
                0x20000000                        _sdata = .
 *(.data)
 *(.data*)
 .data.SystemCoreClock
                0x20000000        0x4 cmake/stm32cubemx/CMakeFiles/STM32_Drivers.dir/__/__/Core/Src/system_stm32f1xx.c.obj
                0x20000000                SystemCoreClock
 .data.uwTickPrio
                0x20000004        0x4 cmake/stm32cubemx/CMakeFiles/STM32_Drivers.dir/__/__/Drivers/STM32F1xx_HAL_Driver/Src/stm32f1xx_hal.c.obj
                0x20000004                uwTickPrio
 .data.uwTickFreq
                0x20000008        0x1 cmake/stm32cubemx/CMakeFiles/STM32_Drivers.dir/__/__/Drivers/STM32F1xx_HAL_Driver/Src/stm32f1xx_hal.c.obj
                0x20000008                uwTickFreq
 .data.speed    0x20000009        0x1 CMakeFiles/AUTO_SAIL_3.dir/Core/Src/main.c.obj
                0x20000009                speed
 .data.ir_dbg_idx
                0x2000000a        0x1 CMakeFiles/AUTO_SAIL_3.dir/Core/Src/main.c.obj
                0x2000000a                ir_dbg_idx
 *fill*         0x2000000b        0x1 
 .data._impure_ptr
                0x2000000c        0x4 C:/Users/Wangxiao/AppData/Local/stm32cube/bundles/gnu-tools-for-stm32/14.3.1+st.2/bin/../lib/gcc/arm-none-eabi/14.3.1/../../../../arm-none-eabi/lib/thumb/v7-m/nofp\libg_nano.a(libc_a-impure.o)
                0x2000000c                _impure_ptr
 .data._impure_data
                0x20000010       0x4c C:/Users/Wangxiao/AppData/Local/stm32cube/bundles/gnu-tools-for-stm32/14.3.1+st.2/bin/../lib/gcc/arm-none-eabi/14.3.1/../../../../arm-none-eabi/lib/thumb/v7-m/nofp\libg_nano.a(libc_a-impure.o)
                0x20000010                _impure_data
 *(.RamFunc)
 *(.RamFunc*)
                0x2000005c                        . = ALIGN (0x4)

.igot.plt       0x2000005c        0x0 load address 0x08004ab0
 .igot.plt      0x2000005c        0x0 C:/Users/Wangxiao/AppData/Local/stm32cube/bundles/gnu-tools-for-stm32/14.3.1+st.2/bin/../lib/gcc/arm-none-eabi/14.3.1/thumb/v7-m/nofp/crtbegin.o

.tdata          0x2000005c        0x0 load address 0x08004ab0
 *(.tdata .tdata.* .gnu.linkonce.td.*)
                0x2000005c                        . = ALIGN (0x4)
                0x2000005c                        _edata = .
                [!provide]                        PROVIDE (__data_end = .)
                [!provide]                        PROVIDE (__tdata_end = .)
                [!provide]                        PROVIDE (__tdata_start = ADDR (.tdata))
                [!provide]                        PROVIDE (__tdata_size = (__tdata_end - __tdata_start))
                [!provide]                        PROVIDE (__data_start = ADDR (.data))
                [!provide]                        PROVIDE (__data_size = (__data_end - __data_start))
                [!provide]                        PROVIDE (__tdata_source = LOADADDR (.tdata))
                [!provide]                        PROVIDE (__tdata_source_end = (LOADADDR (.tdata) + SIZEOF (.tdata)))
                [!provide]                        PROVIDE (__tdata_source_size = (__tdata_source_end - __tdata_source))
                [!provide]                        PROVIDE (__data_source = LOADADDR (.data))
                [!provide]                        PROVIDE (__data_source_end = __tdata_source_end)
                [!provide]                        PROVIDE (__data_source_size = (__data_source_end - __data_source))

.tbss           0x2000005c        0x0 load address 0x08004ab0
                0x2000005c                        _sbss = .
                0x2000005c                        __bss_start__ = _sbss
 *(.tbss .tbss.*)
                0x2000005c                        . = ALIGN (0x4)
                [!provide]                        PROVIDE (__tbss_end = .)
                [!provide]                        PROVIDE (__tbss_start = ADDR (.tbss))
                [!provide]                        PROVIDE (__tbss_size = (__tbss_end - __tbss_start))
                [!provide]                        PROVIDE (__tbss_offset = (ADDR (.tbss) - ADDR (.tdata)))
                [!provide]                        PROVIDE (__tls_base = __tdata_start)
                [!provide]                        PROVIDE (__tls_end = __tbss_end)
                [!provide]                        PROVIDE (__tls_size = (__tls_end - __tls_base))
                [!provide]                        PROVIDE (__tls_align = MAX (ALIGNOF (.tdata), ALIGNOF (.tbss)))
                [!provide]                        PROVIDE (__tls_size_align = (((__tls_size + __tls_align) - 0x1) & ~ ((__tls_align - 0x1))))
                [!provide]                        PROVIDE (__arm32_tls_tcb_offset = MAX (0x8, __tls_align))
                [!provide]                        PROVIDE (__arm64_tls_tcb_offset = MAX (0x10, __tls_align))

.bss            0x2000005c      0x6b4 load address 0x08004ab0
 *(.bss)
 .bss           0x2000005c       0x1c C:/Users/Wangxiao/AppData/Local/stm32cube/bundles/gnu-tools-for-stm32/14.3.1+st.2/bin/../lib/gcc/arm-none-eabi/14.3.1/thumb/v7-m/nofp/crtbegin.o
 *(.bss*)
 .bss.uwTick    0x20000078        0x4 cmake/stm32cubemx/CMakeFiles/STM32_Drivers.dir/__/__/Drivers/STM32F1xx_HAL_Driver/Src/stm32f1xx_hal.c.obj
                0x20000078                uwTick
 .bss.ir_last_tick
                0x2000007c       0x24 CMakeFiles/AUTO_SAIL_3.dir/Core/Src/main.c.obj
 .bss.ir_dbg_pending
                0x200000a0        0x1 CMakeFiles/AUTO_SAIL_3.dir/Core/Src/main.c.obj
                0x200000a0                ir_dbg_pending
 *fill*         0x200000a1        0x3 
 .bss.mask_start_tick
                0x200000a4        0x4 CMakeFiles/AUTO_SAIL_3.dir/Core/Src/main.c.obj
 .bss.oled_disp_status.2
                0x200000a8        0x9 CMakeFiles/AUTO_SAIL_3.dir/Core/Src/main.c.obj
 *fill*         0x200000b1        0x3 
 .bss.oled_disp_tick.1
                0x200000b4       0x24 CMakeFiles/AUTO_SAIL_3.dir/Core/Src/main.c.obj
 .bss.oled_last_refresh.0
                0x200000d8        0x4 CMakeFiles/AUTO_SAIL_3.dir/Core/Src/main.c.obj
 .bss.htim2     0x200000dc       0x48 CMakeFiles/AUTO_SAIL_3.dir/Core/Src/tim.c.obj
                0x200000dc                htim2
 .bss.htim4     0x20000124       0x48 CMakeFiles/AUTO_SAIL_3.dir/Core/Src/tim.c.obj
                0x20000124                htim4
 .bss.huart2    0x2000016c       0x48 CMakeFiles/AUTO_SAIL_3.dir/Core/Src/usart.c.obj
                0x2000016c                huart2
 .bss.__sbrk_heap_end
                0x200001b4        0x4 CMakeFiles/AUTO_SAIL_3.dir/Core/Src/sysmem.c.obj
 .bss.currentDecayMode
                0x200001b8        0x1 CMakeFiles/AUTO_SAIL_3.dir/User/DRV8833/Src/drv8833.c.obj
 *fill*         0x200001b9        0x3 
 .bss.ir_trigger_status
                0x200001bc        0x9 CMakeFiles/AUTO_SAIL_3.dir/User/Infrared/Src/infrared.c.obj
                0x200001bc                ir_trigger_status
 .bss.current_mask
                0x200001c5        0x1 CMakeFiles/AUTO_SAIL_3.dir/User/Infrared/Src/infrared.c.obj
 *fill*         0x200001c6        0x2 
 .bss.OLED_GRAM
                0x200001c8      0x400 CMakeFiles/AUTO_SAIL_3.dir/User/OLED/Src/oled.c.obj
 .bss.__sf      0x200005c8      0x138 C:/Users/Wangxiao/AppData/Local/stm32cube/bundles/gnu-tools-for-stm32/14.3.1+st.2/bin/../lib/gcc/arm-none-eabi/14.3.1/../../../../arm-none-eabi/lib/thumb/v7-m/nofp\libg_nano.a(libc_a-findfp.o)
                0x200005c8                __sf
 .bss.errno     0x20000700        0x4 C:/Users/Wangxiao/AppData/Local/stm32cube/bundles/gnu-tools-for-stm32/14.3.1+st.2/bin/../lib/gcc/arm-none-eabi/14.3.1/../../../../arm-none-eabi/lib/thumb/v7-m/nofp\libg_nano.a(libc_a-reent.o)
                0x20000700                errno
 .bss.__lock___malloc_recursive_mutex
                0x20000704        0x1 C:/Users/Wangxiao/AppData/Local/stm32cube/bundles/gnu-tools-for-stm32/14.3.1+st.2/bin/../lib/gcc/arm-none-eabi/14.3.1/../../../../arm-none-eabi/lib/thumb/v7-m/nofp\libg_nano.a(libc_a-lock.o)
                0x20000704                __lock___malloc_recursive_mutex
 *fill*         0x20000705        0x3 
 .bss.__malloc_sbrk_start
                0x20000708        0x4 C:/Users/Wangxiao/AppData/Local/stm32cube/bundles/gnu-tools-for-stm32/14.3.1+st.2/bin/../lib/gcc/arm-none-eabi/14.3.1/../../../../arm-none-eabi/lib/thumb/v7-m/nofp\libg_nano.a(libc_a-mallocr.o)
                0x20000708                __malloc_sbrk_start
 .bss.__malloc_free_list
                0x2000070c        0x4 C:/Users/Wangxiao/AppData/Local/stm32cube/bundles/gnu-tools-for-stm32/14.3.1+st.2/bin/../lib/gcc/arm-none-eabi/14.3.1/../../../../arm-none-eabi/lib/thumb/v7-m/nofp\libg_nano.a(libc_a-mallocr.o)
                0x2000070c                __malloc_free_list
 *(COMMON)
                0x20000710                        . = ALIGN (0x4)
                0x20000710                        _ebss = .
                0x20000710                        __bss_end__ = _ebss
                [!provide]                        PROVIDE (__bss_end = .)
                [!provide]                        PROVIDE (__non_tls_bss_start = ADDR (.bss))
                [!provide]                        PROVIDE (__bss_start = __tbss_start)
                [!provide]                        PROVIDE (__bss_size = (__bss_end - __bss_start))

._user_heap_stack
                0x20000710      0x600 load address 0x08004ab0
                0x20000710                        . = ALIGN (0x8)
                [!provide]                        PROVIDE (end = .)
                0x20000710                        PROVIDE (_end = .)
                0x20000910                        . = (. + _Min_Heap_Size)
 *fill*         0x20000710      0x200 
                0x20000d10                        . = (. + _Min_Stack_Size)
 *fill*         0x20000910      0x400 
                0x20000d10                        . = ALIGN (0x8)

/DISCARD/
 libc.a:*(*)
 libm.a:*(*)
 libgcc.a:*(*)
OUTPUT(AUTO_SAIL_3.elf elf32-littlearm)
LOAD linker stubs

.ARM.attributes
                0x00000000       0x29
 .ARM.attributes
                0x00000000       0x1d C:/Users/Wangxiao/AppData/Local/stm32cube/bundles/gnu-tools-for-stm32/14.3.1+st.2/bin/../lib/gcc/arm-none-eabi/14.3.1/thumb/v7-m/nofp/crti.o
 .ARM.attributes
                0x0000001d       0x2d C:/Users/Wangxiao/AppData/Local/stm32cube/bundles/gnu-tools-for-stm32/14.3.1+st.2/bin/../lib/gcc/arm-none-eabi/14.3.1/thumb/v7-m/nofp/crtbegin.o
 .ARM.attributes
                0x0000004a       0x2d cmake/stm32cubemx/CMakeFiles/STM32_Drivers.dir/__/__/Core/Src/system_stm32f1xx.c.obj
 .ARM.attributes
                0x00000077       0x2d cmake/stm32cubemx/CMakeFiles/STM32_Drivers.dir/__/__/Drivers/STM32F1xx_HAL_Driver/Src/stm32f1xx_hal_tim.c.obj
 .ARM.attributes
                0x000000a4       0x2d cmake/stm32cubemx/CMakeFiles/STM32_Drivers.dir/__/__/Drivers/STM32F1xx_HAL_Driver/Src/stm32f1xx_hal_tim_ex.c.obj
 .ARM.attributes
                0x000000d1       0x2d cmake/stm32cubemx/CMakeFiles/STM32_Drivers.dir/__/__/Drivers/STM32F1xx_HAL_Driver/Src/stm32f1xx_hal.c.obj
 .ARM.attributes
                0x000000fe       0x2d cmake/stm32cubemx/CMakeFiles/STM32_Drivers.dir/__/__/Drivers/STM32F1xx_HAL_Driver/Src/stm32f1xx_hal_rcc.c.obj
 .ARM.attributes
                0x0000012b       0x2d cmake/stm32cubemx/CMakeFiles/STM32_Drivers.dir/__/__/Drivers/STM32F1xx_HAL_Driver/Src/stm32f1xx_hal_gpio.c.obj
 .ARM.attributes
                0x00000158       0x2d cmake/stm32cubemx/CMakeFiles/STM32_Drivers.dir/__/__/Drivers/STM32F1xx_HAL_Driver/Src/stm32f1xx_hal_cortex.c.obj
 .ARM.attributes
                0x00000185       0x2d cmake/stm32cubemx/CMakeFiles/STM32_Drivers.dir/__/__/Drivers/STM32F1xx_HAL_Driver/Src/stm32f1xx_hal_uart.c.obj
 .ARM.attributes
                0x000001b2       0x2d CMakeFiles/AUTO_SAIL_3.dir/Core/Src/main.c.obj
 .ARM.attributes
                0x000001df       0x2d CMakeFiles/AUTO_SAIL_3.dir/Core/Src/gpio.c.obj
 .ARM.attributes
                0x0000020c       0x2d CMakeFiles/AUTO_SAIL_3.dir/Core/Src/tim.c.obj
 .ARM.attributes
                0x00000239       0x2d CMakeFiles/AUTO_SAIL_3.dir/Core/Src/usart.c.obj
 .ARM.attributes
                0x00000266       0x2d CMakeFiles/AUTO_SAIL_3.dir/Core/Src/stm32f1xx_it.c.obj
 .ARM.attributes
                0x00000293       0x2d CMakeFiles/AUTO_SAIL_3.dir/Core/Src/stm32f1xx_hal_msp.c.obj
 .ARM.attributes
                0x000002c0       0x2d CMakeFiles/AUTO_SAIL_3.dir/Core/Src/sysmem.c.obj
 .ARM.attributes
                0x000002ed       0x21 CMakeFiles/AUTO_SAIL_3.dir/startup_stm32f103xb.s.obj
 .ARM.attributes
                0x0000030e       0x2d CMakeFiles/AUTO_SAIL_3.dir/User/DRV8833/Src/drv8833.c.obj
 .ARM.attributes
                0x0000033b       0x2d CMakeFiles/AUTO_SAIL_3.dir/User/Infrared/Src/infrared.c.obj
 .ARM.attributes
                0x00000368       0x2d CMakeFiles/AUTO_SAIL_3.dir/User/OLED/Src/oled.c.obj
 .ARM.attributes
                0x00000395       0x2d CMakeFiles/AUTO_SAIL_3.dir/User/SG90/Src/sg90.c.obj
 .ARM.attributes
                0x000003c2       0x1d C:/Users/Wangxiao/AppData/Local/stm32cube/bundles/gnu-tools-for-stm32/14.3.1+st.2/bin/../lib/gcc/arm-none-eabi/14.3.1/thumb/v7-m/nofp\libgcc.a(_arm_addsubsf3.o)
 .ARM.attributes
                0x000003df       0x1d C:/Users/Wangxiao/AppData/Local/stm32cube/bundles/gnu-tools-for-stm32/14.3.1+st.2/bin/../lib/gcc/arm-none-eabi/14.3.1/thumb/v7-m/nofp\libgcc.a(_arm_muldivsf3.o)
 .ARM.attributes
                0x000003fc       0x1d C:/Users/Wangxiao/AppData/Local/stm32cube/bundles/gnu-tools-for-stm32/14.3.1+st.2/bin/../lib/gcc/arm-none-eabi/14.3.1/thumb/v7-m/nofp\libgcc.a(_arm_cmpsf2.o)
 .ARM.attributes
                0x00000419       0x1d C:/Users/Wangxiao/AppData/Local/stm32cube/bundles/gnu-tools-for-stm32/14.3.1+st.2/bin/../lib/gcc/arm-none-eabi/14.3.1/thumb/v7-m/nofp\libgcc.a(_arm_fixunssfsi.o)
 .ARM.attributes
                0x00000436       0x2d C:/Users/Wangxiao/AppData/Local/stm32cube/bundles/gnu-tools-for-stm32/14.3.1+st.2/bin/../lib/gcc/arm-none-eabi/14.3.1/../../../../arm-none-eabi/lib/thumb/v7-m/nofp\libg_nano.a(libc_a-findfp.o)
 .ARM.attributes
                0x00000463       0x2d C:/Users/Wangxiao/AppData/Local/stm32cube/bundles/gnu-tools-for-stm32/14.3.1+st.2/bin/../lib/gcc/arm-none-eabi/14.3.1/../../../../arm-none-eabi/lib/thumb/v7-m/nofp\libg_nano.a(libc_a-sprintf.o)
 .ARM.attributes
                0x00000490       0x2d C:/Users/Wangxiao/AppData/Local/stm32cube/bundles/gnu-tools-for-stm32/14.3.1+st.2/bin/../lib/gcc/arm-none-eabi/14.3.1/../../../../arm-none-eabi/lib/thumb/v7-m/nofp\libg_nano.a(libc_a-memset.o)
 .ARM.attributes
                0x000004bd       0x2d C:/Users/Wangxiao/AppData/Local/stm32cube/bundles/gnu-tools-for-stm32/14.3.1+st.2/bin/../lib/gcc/arm-none-eabi/14.3.1/../../../../arm-none-eabi/lib/thumb/v7-m/nofp\libg_nano.a(libc_a-reent.o)
 .ARM.attributes
                0x000004ea       0x2d C:/Users/Wangxiao/AppData/Local/stm32cube/bundles/gnu-tools-for-stm32/14.3.1+st.2/bin/../lib/gcc/arm-none-eabi/14.3.1/../../../../arm-none-eabi/lib/thumb/v7-m/nofp\libg_nano.a(libc_a-impure.o)
 .ARM.attributes
                0x00000517       0x2d C:/Users/Wangxiao/AppData/Local/stm32cube/bundles/gnu-tools-for-stm32/14.3.1+st.2/bin/../lib/gcc/arm-none-eabi/14.3.1/../../../../arm-none-eabi/lib/thumb/v7-m/nofp\libg_nano.a(libc_a-errno.o)
 .ARM.attributes
                0x00000544       0x2d C:/Users/Wangxiao/AppData/Local/stm32cube/bundles/gnu-tools-for-stm32/14.3.1+st.2/bin/../lib/gcc/arm-none-eabi/14.3.1/../../../../arm-none-eabi/lib/thumb/v7-m/nofp\libg_nano.a(libc_a-init.o)
 .ARM.attributes
                0x00000571       0x2d C:/Users/Wangxiao/AppData/Local/stm32cube/bundles/gnu-tools-for-stm32/14.3.1+st.2/bin/../lib/gcc/arm-none-eabi/14.3.1/../../../../arm-none-eabi/lib/thumb/v7-m/nofp\libg_nano.a(libc_a-lock.o)
 .ARM.attributes
                0x0000059e       0x2d C:/Users/Wangxiao/AppData/Local/stm32cube/bundles/gnu-tools-for-stm32/14.3.1+st.2/bin/../lib/gcc/arm-none-eabi/14.3.1/../../../../arm-none-eabi/lib/thumb/v7-m/nofp\libg_nano.a(libc_a-freer.o)
 .ARM.attributes
                0x000005cb       0x2d C:/Users/Wangxiao/AppData/Local/stm32cube/bundles/gnu-tools-for-stm32/14.3.1+st.2/bin/../lib/gcc/arm-none-eabi/14.3.1/../../../../arm-none-eabi/lib/thumb/v7-m/nofp\libg_nano.a(libc_a-mallocr.o)
 .ARM.attributes
                0x000005f8       0x2d C:/Users/Wangxiao/AppData/Local/stm32cube/bundles/gnu-tools-for-stm32/14.3.1+st.2/bin/../lib/gcc/arm-none-eabi/14.3.1/../../../../arm-none-eabi/lib/thumb/v7-m/nofp\libg_nano.a(libc_a-mlock.o)
 .ARM.attributes
                0x00000625       0x2d C:/Users/Wangxiao/AppData/Local/stm32cube/bundles/gnu-tools-for-stm32/14.3.1+st.2/bin/../lib/gcc/arm-none-eabi/14.3.1/../../../../arm-none-eabi/lib/thumb/v7-m/nofp\libg_nano.a(libc_a-nano-svfprintf.o)
 .ARM.attributes
                0x00000652       0x2d C:/Users/Wangxiao/AppData/Local/stm32cube/bundles/gnu-tools-for-stm32/14.3.1+st.2/bin/../lib/gcc/arm-none-eabi/14.3.1/../../../../arm-none-eabi/lib/thumb/v7-m/nofp\libg_nano.a(libc_a-nano-vfprintf_i.o)
 .ARM.attributes
                0x0000067f       0x2d C:/Users/Wangxiao/AppData/Local/stm32cube/bundles/gnu-tools-for-stm32/14.3.1+st.2/bin/../lib/gcc/arm-none-eabi/14.3.1/../../../../arm-none-eabi/lib/thumb/v7-m/nofp\libg_nano.a(libc_a-memmove.o)
 .ARM.attributes
                0x000006ac       0x2d C:/Users/Wangxiao/AppData/Local/stm32cube/bundles/gnu-tools-for-stm32/14.3.1+st.2/bin/../lib/gcc/arm-none-eabi/14.3.1/../../../../arm-none-eabi/lib/thumb/v7-m/nofp\libg_nano.a(libc_a-sbrkr.o)
 .ARM.attributes
                0x000006d9       0x2d C:/Users/Wangxiao/AppData/Local/stm32cube/bundles/gnu-tools-for-stm32/14.3.1+st.2/bin/../lib/gcc/arm-none-eabi/14.3.1/../../../../arm-none-eabi/lib/thumb/v7-m/nofp\libg_nano.a(libc_a-memchr-stub.o)
 .ARM.attributes
                0x00000706       0x2d C:/Users/Wangxiao/AppData/Local/stm32cube/bundles/gnu-tools-for-stm32/14.3.1+st.2/bin/../lib/gcc/arm-none-eabi/14.3.1/../../../../arm-none-eabi/lib/thumb/v7-m/nofp\libg_nano.a(libc_a-memcpy-stub.o)
 .ARM.attributes
                0x00000733       0x2d C:/Users/Wangxiao/AppData/Local/stm32cube/bundles/gnu-tools-for-stm32/14.3.1+st.2/bin/../lib/gcc/arm-none-eabi/14.3.1/../../../../arm-none-eabi/lib/thumb/v7-m/nofp\libg_nano.a(libc_a-reallocr.o)
 .ARM.attributes
                0x00000760       0x2d C:/Users/Wangxiao/AppData/Local/stm32cube/bundles/gnu-tools-for-stm32/14.3.1+st.2/bin/../lib/gcc/arm-none-eabi/14.3.1/../../../../arm-none-eabi/lib/thumb/v7-m/nofp\libg_nano.a(libc_a-msizer.o)
 .ARM.attributes
                0x0000078d       0x1d C:/Users/Wangxiao/AppData/Local/stm32cube/bundles/gnu-tools-for-stm32/14.3.1+st.2/bin/../lib/gcc/arm-none-eabi/14.3.1/thumb/v7-m/nofp/crtn.o

.comment        0x00000000       0x43
 .comment       0x00000000       0x43 cmake/stm32cubemx/CMakeFiles/STM32_Drivers.dir/__/__/Core/Src/system_stm32f1xx.c.obj
                                 0x44 (size before relaxing)
 .comment       0x00000043       0x44 cmake/stm32cubemx/CMakeFiles/STM32_Drivers.dir/__/__/Drivers/STM32F1xx_HAL_Driver/Src/stm32f1xx_hal_tim.c.obj
 .comment       0x00000043       0x44 cmake/stm32cubemx/CMakeFiles/STM32_Drivers.dir/__/__/Drivers/STM32F1xx_HAL_Driver/Src/stm32f1xx_hal_tim_ex.c.obj
 .comment       0x00000043       0x44 cmake/stm32cubemx/CMakeFiles/STM32_Drivers.dir/__/__/Drivers/STM32F1xx_HAL_Driver/Src/stm32f1xx_hal.c.obj
 .comment       0x00000043       0x44 cmake/stm32cubemx/CMakeFiles/STM32_Drivers.dir/__/__/Drivers/STM32F1xx_HAL_Driver/Src/stm32f1xx_hal_rcc.c.obj
 .comment       0x00000043       0x44 cmake/stm32cubemx/CMakeFiles/STM32_Drivers.dir/__/__/Drivers/STM32F1xx_HAL_Driver/Src/stm32f1xx_hal_gpio.c.obj
 .comment       0x00000043       0x44 cmake/stm32cubemx/CMakeFiles/STM32_Drivers.dir/__/__/Drivers/STM32F1xx_HAL_Driver/Src/stm32f1xx_hal_cortex.c.obj
 .comment       0x00000043       0x44 cmake/stm32cubemx/CMakeFiles/STM32_Drivers.dir/__/__/Drivers/STM32F1xx_HAL_Driver/Src/stm32f1xx_hal_uart.c.obj
 .comment       0x00000043       0x44 CMakeFiles/AUTO_SAIL_3.dir/Core/Src/main.c.obj
 .comment       0x00000043       0x44 CMakeFiles/AUTO_SAIL_3.dir/Core/Src/gpio.c.obj
 .comment       0x00000043       0x44 CMakeFiles/AUTO_SAIL_3.dir/Core/Src/tim.c.obj
 .comment       0x00000043       0x44 CMakeFiles/AUTO_SAIL_3.dir/Core/Src/usart.c.obj
 .comment       0x00000043       0x44 CMakeFiles/AUTO_SAIL_3.dir/Core/Src/stm32f1xx_it.c.obj
 .comment       0x00000043       0x44 CMakeFiles/AUTO_SAIL_3.dir/Core/Src/stm32f1xx_hal_msp.c.obj
 .comment       0x00000043       0x44 CMakeFiles/AUTO_SAIL_3.dir/Core/Src/sysmem.c.obj
 .comment       0x00000043       0x44 CMakeFiles/AUTO_SAIL_3.dir/User/DRV8833/Src/drv8833.c.obj
 .comment       0x00000043       0x44 CMakeFiles/AUTO_SAIL_3.dir/User/Infrared/Src/infrared.c.obj
 .comment       0x00000043       0x44 CMakeFiles/AUTO_SAIL_3.dir/User/OLED/Src/oled.c.obj
 .comment       0x00000043       0x44 CMakeFiles/AUTO_SAIL_3.dir/User/SG90/Src/sg90.c.obj
 .comment       0x00000043       0x44 C:/Users/Wangxiao/AppData/Local/stm32cube/bundles/gnu-tools-for-stm32/14.3.1+st.2/bin/../lib/gcc/arm-none-eabi/14.3.1/../../../../arm-none-eabi/lib/thumb/v7-m/nofp\libg_nano.a(libc_a-findfp.o)
 .comment       0x00000043       0x44 C:/Users/Wangxiao/AppData/Local/stm32cube/bundles/gnu-tools-for-stm32/14.3.1+st.2/bin/../lib/gcc/arm-none-eabi/14.3.1/../../../../arm-none-eabi/lib/thumb/v7-m/nofp\libg_nano.a(libc_a-sprintf.o)
 .comment       0x00000043       0x44 C:/Users/Wangxiao/AppData/Local/stm32cube/bundles/gnu-tools-for-stm32/14.3.1+st.2/bin/../lib/gcc/arm-none-eabi/14.3.1/../../../../arm-none-eabi/lib/thumb/v7-m/nofp\libg_nano.a(libc_a-memset.o)
 .comment       0x00000043       0x44 C:/Users/Wangxiao/AppData/Local/stm32cube/bundles/gnu-tools-for-stm32/14.3.1+st.2/bin/../lib/gcc/arm-none-eabi/14.3.1/../../../../arm-none-eabi/lib/thumb/v7-m/nofp\libg_nano.a(libc_a-reent.o)
 .comment       0x00000043       0x44 C:/Users/Wangxiao/AppData/Local/stm32cube/bundles/gnu-tools-for-stm32/14.3.1+st.2/bin/../lib/gcc/arm-none-eabi/14.3.1/../../../../arm-none-eabi/lib/thumb/v7-m/nofp\libg_nano.a(libc_a-impure.o)
 .comment       0x00000043       0x44 C:/Users/Wangxiao/AppData/Local/stm32cube/bundles/gnu-tools-for-stm32/14.3.1+st.2/bin/../lib/gcc/arm-none-eabi/14.3.1/../../../../arm-none-eabi/lib/thumb/v7-m/nofp\libg_nano.a(libc_a-errno.o)
 .comment       0x00000043       0x44 C:/Users/Wangxiao/AppData/Local/stm32cube/bundles/gnu-tools-for-stm32/14.3.1+st.2/bin/../lib/gcc/arm-none-eabi/14.3.1/../../../../arm-none-eabi/lib/thumb/v7-m/nofp\libg_nano.a(libc_a-init.o)
 .comment       0x00000043       0x44 C:/Users/Wangxiao/AppData/Local/stm32cube/bundles/gnu-tools-for-stm32/14.3.1+st.2/bin/../lib/gcc/arm-none-eabi/14.3.1/../../../../arm-none-eabi/lib/thumb/v7-m/nofp\libg_nano.a(libc_a-lock.o)
 .comment       0x00000043       0x44 C:/Users/Wangxiao/AppData/Local/stm32cube/bundles/gnu-tools-for-stm32/14.3.1+st.2/bin/../lib/gcc/arm-none-eabi/14.3.1/../../../../arm-none-eabi/lib/thumb/v7-m/nofp\libg_nano.a(libc_a-freer.o)
 .comment       0x00000043       0x44 C:/Users/Wangxiao/AppData/Local/stm32cube/bundles/gnu-tools-for-stm32/14.3.1+st.2/bin/../lib/gcc/arm-none-eabi/14.3.1/../../../../arm-none-eabi/lib/thumb/v7-m/nofp\libg_nano.a(libc_a-mallocr.o)
 .comment       0x00000043       0x44 C:/Users/Wangxiao/AppData/Local/stm32cube/bundles/gnu-tools-for-stm32/14.3.1+st.2/bin/../lib/gcc/arm-none-eabi/14.3.1/../../../../arm-none-eabi/lib/thumb/v7-m/nofp\libg_nano.a(libc_a-mlock.o)
 .comment       0x00000043       0x44 C:/Users/Wangxiao/AppData/Local/stm32cube/bundles/gnu-tools-for-stm32/14.3.1+st.2/bin/../lib/gcc/arm-none-eabi/14.3.1/../../../../arm-none-eabi/lib/thumb/v7-m/nofp\libg_nano.a(libc_a-nano-svfprintf.o)
 .comment       0x00000043       0x44 C:/Users/Wangxiao/AppData/Local/stm32cube/bundles/gnu-tools-for-stm32/14.3.1+st.2/bin/../lib/gcc/arm-none-eabi/14.3.1/../../../../arm-none-eabi/lib/thumb/v7-m/nofp\libg_nano.a(libc_a-nano-vfprintf_i.o)
 .comment       0x00000043       0x44 C:/Users/Wangxiao/AppData/Local/stm32cube/bundles/gnu-tools-for-stm32/14.3.1+st.2/bin/../lib/gcc/arm-none-eabi/14.3.1/../../../../arm-none-eabi/lib/thumb/v7-m/nofp\libg_nano.a(libc_a-memmove.o)
 .comment       0x00000043       0x44 C:/Users/Wangxiao/AppData/Local/stm32cube/bundles/gnu-tools-for-stm32/14.3.1+st.2/bin/../lib/gcc/arm-none-eabi/14.3.1/../../../../arm-none-eabi/lib/thumb/v7-m/nofp\libg_nano.a(libc_a-sbrkr.o)
 .comment       0x00000043       0x44 C:/Users/Wangxiao/AppData/Local/stm32cube/bundles/gnu-tools-for-stm32/14.3.1+st.2/bin/../lib/gcc/arm-none-eabi/14.3.1/../../../../arm-none-eabi/lib/thumb/v7-m/nofp\libg_nano.a(libc_a-memchr-stub.o)
 .comment       0x00000043       0x44 C:/Users/Wangxiao/AppData/Local/stm32cube/bundles/gnu-tools-for-stm32/14.3.1+st.2/bin/../lib/gcc/arm-none-eabi/14.3.1/../../../../arm-none-eabi/lib/thumb/v7-m/nofp\libg_nano.a(libc_a-memcpy-stub.o)
 .comment       0x00000043       0x44 C:/Users/Wangxiao/AppData/Local/stm32cube/bundles/gnu-tools-for-stm32/14.3.1+st.2/bin/../lib/gcc/arm-none-eabi/14.3.1/../../../../arm-none-eabi/lib/thumb/v7-m/nofp\libg_nano.a(libc_a-reallocr.o)
 .comment       0x00000043       0x44 C:/Users/Wangxiao/AppData/Local/stm32cube/bundles/gnu-tools-for-stm32/14.3.1+st.2/bin/../lib/gcc/arm-none-eabi/14.3.1/../../../../arm-none-eabi/lib/thumb/v7-m/nofp\libg_nano.a(libc_a-msizer.o)

.debug_info     0x00000000    0x14fa2
 .debug_info    0x00000000      0x222 cmake/stm32cubemx/CMakeFiles/STM32_Drivers.dir/__/__/Core/Src/system_stm32f1xx.c.obj
 .debug_info    0x00000222     0x2959 cmake/stm32cubemx/CMakeFiles/STM32_Drivers.dir/__/__/Drivers/STM32F1xx_HAL_Driver/Src/stm32f1xx_hal_tim.c.obj
 .debug_info    0x00002b7b     0x149b cmake/stm32cubemx/CMakeFiles/STM32_Drivers.dir/__/__/Drivers/STM32F1xx_HAL_Driver/Src/stm32f1xx_hal_tim_ex.c.obj
 .debug_info    0x00004016      0x704 cmake/stm32cubemx/CMakeFiles/STM32_Drivers.dir/__/__/Drivers/STM32F1xx_HAL_Driver/Src/stm32f1xx_hal.c.obj
 .debug_info    0x0000471a      0x7d5 cmake/stm32cubemx/CMakeFiles/STM32_Drivers.dir/__/__/Drivers/STM32F1xx_HAL_Driver/Src/stm32f1xx_hal_rcc.c.obj
 .debug_info    0x00004eef      0x5ab cmake/stm32cubemx/CMakeFiles/STM32_Drivers.dir/__/__/Drivers/STM32F1xx_HAL_Driver/Src/stm32f1xx_hal_gpio.c.obj
 .debug_info    0x0000549a      0xa87 cmake/stm32cubemx/CMakeFiles/STM32_Drivers.dir/__/__/Drivers/STM32F1xx_HAL_Driver/Src/stm32f1xx_hal_cortex.c.obj
 .debug_info    0x00005f21     0x2eed cmake/stm32cubemx/CMakeFiles/STM32_Drivers.dir/__/__/Drivers/STM32F1xx_HAL_Driver/Src/stm32f1xx_hal_uart.c.obj
 .debug_info    0x00008e0e      0x7e6 CMakeFiles/AUTO_SAIL_3.dir/Core/Src/main.c.obj
 .debug_info    0x000095f4      0x44e CMakeFiles/AUTO_SAIL_3.dir/Core/Src/gpio.c.obj
 .debug_info    0x00009a42      0xaa9 CMakeFiles/AUTO_SAIL_3.dir/Core/Src/tim.c.obj
 .debug_info    0x0000a4eb      0x798 CMakeFiles/AUTO_SAIL_3.dir/Core/Src/usart.c.obj
 .debug_info    0x0000ac83      0x16b CMakeFiles/AUTO_SAIL_3.dir/Core/Src/stm32f1xx_it.c.obj
 .debug_info    0x0000adee      0x1f1 CMakeFiles/AUTO_SAIL_3.dir/Core/Src/stm32f1xx_hal_msp.c.obj
 .debug_info    0x0000afdf      0x168 CMakeFiles/AUTO_SAIL_3.dir/Core/Src/sysmem.c.obj
 .debug_info    0x0000b147       0x30 CMakeFiles/AUTO_SAIL_3.dir/startup_stm32f103xb.s.obj
 .debug_info    0x0000b177      0x764 CMakeFiles/AUTO_SAIL_3.dir/User/DRV8833/Src/drv8833.c.obj
 .debug_info    0x0000b8db      0x2d9 CMakeFiles/AUTO_SAIL_3.dir/User/Infrared/Src/infrared.c.obj
 .debug_info    0x0000bbb4      0x695 CMakeFiles/AUTO_SAIL_3.dir/User/OLED/Src/oled.c.obj
 .debug_info    0x0000c249      0x73e CMakeFiles/AUTO_SAIL_3.dir/User/SG90/Src/sg90.c.obj
 .debug_info    0x0000c987      0xfb2 C:/Users/Wangxiao/AppData/Local/stm32cube/bundles/gnu-tools-for-stm32/14.3.1+st.2/bin/../lib/gcc/arm-none-eabi/14.3.1/../../../../arm-none-eabi/lib/thumb/v7-m/nofp\libg_nano.a(libc_a-findfp.o)
 .debug_info    0x0000d939      0x885 C:/Users/Wangxiao/AppData/Local/stm32cube/bundles/gnu-tools-for-stm32/14.3.1+st.2/bin/../lib/gcc/arm-none-eabi/14.3.1/../../../../arm-none-eabi/lib/thumb/v7-m/nofp\libg_nano.a(libc_a-sprintf.o)
 .debug_info    0x0000e1be       0xe0 C:/Users/Wangxiao/AppData/Local/stm32cube/bundles/gnu-tools-for-stm32/14.3.1+st.2/bin/../lib/gcc/arm-none-eabi/14.3.1/../../../../arm-none-eabi/lib/thumb/v7-m/nofp\libg_nano.a(libc_a-memset.o)
 .debug_info    0x0000e29e      0x8a1 C:/Users/Wangxiao/AppData/Local/stm32cube/bundles/gnu-tools-for-stm32/14.3.1+st.2/bin/../lib/gcc/arm-none-eabi/14.3.1/../../../../arm-none-eabi/lib/thumb/v7-m/nofp\libg_nano.a(libc_a-reent.o)
 .debug_info    0x0000eb3f      0x715 C:/Users/Wangxiao/AppData/Local/stm32cube/bundles/gnu-tools-for-stm32/14.3.1+st.2/bin/../lib/gcc/arm-none-eabi/14.3.1/../../../../arm-none-eabi/lib/thumb/v7-m/nofp\libg_nano.a(libc_a-impure.o)
 .debug_info    0x0000f254      0x6fb C:/Users/Wangxiao/AppData/Local/stm32cube/bundles/gnu-tools-for-stm32/14.3.1+st.2/bin/../lib/gcc/arm-none-eabi/14.3.1/../../../../arm-none-eabi/lib/thumb/v7-m/nofp\libg_nano.a(libc_a-errno.o)
 .debug_info    0x0000f94f      0x10b C:/Users/Wangxiao/AppData/Local/stm32cube/bundles/gnu-tools-for-stm32/14.3.1+st.2/bin/../lib/gcc/arm-none-eabi/14.3.1/../../../../arm-none-eabi/lib/thumb/v7-m/nofp\libg_nano.a(libc_a-init.o)
 .debug_info    0x0000fa5a      0x218 C:/Users/Wangxiao/AppData/Local/stm32cube/bundles/gnu-tools-for-stm32/14.3.1+st.2/bin/../lib/gcc/arm-none-eabi/14.3.1/../../../../arm-none-eabi/lib/thumb/v7-m/nofp\libg_nano.a(libc_a-lock.o)
 .debug_info    0x0000fc72      0x851 C:/Users/Wangxiao/AppData/Local/stm32cube/bundles/gnu-tools-for-stm32/14.3.1+st.2/bin/../lib/gcc/arm-none-eabi/14.3.1/../../../../arm-none-eabi/lib/thumb/v7-m/nofp\libg_nano.a(libc_a-freer.o)
 .debug_info    0x000104c3      0x9bc C:/Users/Wangxiao/AppData/Local/stm32cube/bundles/gnu-tools-for-stm32/14.3.1+st.2/bin/../lib/gcc/arm-none-eabi/14.3.1/../../../../arm-none-eabi/lib/thumb/v7-m/nofp\libg_nano.a(libc_a-mallocr.o)
 .debug_info    0x00010e7f      0x76b C:/Users/Wangxiao/AppData/Local/stm32cube/bundles/gnu-tools-for-stm32/14.3.1+st.2/bin/../lib/gcc/arm-none-eabi/14.3.1/../../../../arm-none-eabi/lib/thumb/v7-m/nofp\libg_nano.a(libc_a-mlock.o)
 .debug_info    0x000115ea     0x10b3 C:/Users/Wangxiao/AppData/Local/stm32cube/bundles/gnu-tools-for-stm32/14.3.1+st.2/bin/../lib/gcc/arm-none-eabi/14.3.1/../../../../arm-none-eabi/lib/thumb/v7-m/nofp\libg_nano.a(libc_a-nano-svfprintf.o)
 .debug_info    0x0001269d      0xde2 C:/Users/Wangxiao/AppData/Local/stm32cube/bundles/gnu-tools-for-stm32/14.3.1+st.2/bin/../lib/gcc/arm-none-eabi/14.3.1/../../../../arm-none-eabi/lib/thumb/v7-m/nofp\libg_nano.a(libc_a-nano-vfprintf_i.o)
 .debug_info    0x0001347f      0x10f C:/Users/Wangxiao/AppData/Local/stm32cube/bundles/gnu-tools-for-stm32/14.3.1+st.2/bin/../lib/gcc/arm-none-eabi/14.3.1/../../../../arm-none-eabi/lib/thumb/v7-m/nofp\libg_nano.a(libc_a-memmove.o)
 .debug_info    0x0001358e      0x782 C:/Users/Wangxiao/AppData/Local/stm32cube/bundles/gnu-tools-for-stm32/14.3.1+st.2/bin/../lib/gcc/arm-none-eabi/14.3.1/../../../../arm-none-eabi/lib/thumb/v7-m/nofp\libg_nano.a(libc_a-sbrkr.o)
 .debug_info    0x00013d10      0x110 C:/Users/Wangxiao/AppData/Local/stm32cube/bundles/gnu-tools-for-stm32/14.3.1+st.2/bin/../lib/gcc/arm-none-eabi/14.3.1/../../../../arm-none-eabi/lib/thumb/v7-m/nofp\libg_nano.a(libc_a-memchr-stub.o)
 .debug_info    0x00013e20      0x121 C:/Users/Wangxiao/AppData/Local/stm32cube/bundles/gnu-tools-for-stm32/14.3.1+st.2/bin/../lib/gcc/arm-none-eabi/14.3.1/../../../../arm-none-eabi/lib/thumb/v7-m/nofp\libg_nano.a(libc_a-memcpy-stub.o)
 .debug_info    0x00013f41      0x8cd C:/Users/Wangxiao/AppData/Local/stm32cube/bundles/gnu-tools-for-stm32/14.3.1+st.2/bin/../lib/gcc/arm-none-eabi/14.3.1/../../../../arm-none-eabi/lib/thumb/v7-m/nofp\libg_nano.a(libc_a-reallocr.o)
 .debug_info    0x0001480e      0x794 C:/Users/Wangxiao/AppData/Local/stm32cube/bundles/gnu-tools-for-stm32/14.3.1+st.2/bin/../lib/gcc/arm-none-eabi/14.3.1/../../../../arm-none-eabi/lib/thumb/v7-m/nofp\libg_nano.a(libc_a-msizer.o)

.debug_abbrev   0x00000000     0x45c6
 .debug_abbrev  0x00000000      0x13f cmake/stm32cubemx/CMakeFiles/STM32_Drivers.dir/__/__/Core/Src/system_stm32f1xx.c.obj
 .debug_abbrev  0x0000013f      0x277 cmake/stm32cubemx/CMakeFiles/STM32_Drivers.dir/__/__/Drivers/STM32F1xx_HAL_Driver/Src/stm32f1xx_hal_tim.c.obj
 .debug_abbrev  0x000003b6      0x282 cmake/stm32cubemx/CMakeFiles/STM32_Drivers.dir/__/__/Drivers/STM32F1xx_HAL_Driver/Src/stm32f1xx_hal_tim_ex.c.obj
 .debug_abbrev  0x00000638      0x201 cmake/stm32cubemx/CMakeFiles/STM32_Drivers.dir/__/__/Drivers/STM32F1xx_HAL_Driver/Src/stm32f1xx_hal.c.obj
 .debug_abbrev  0x00000839      0x2b3 cmake/stm32cubemx/CMakeFiles/STM32_Drivers.dir/__/__/Drivers/STM32F1xx_HAL_Driver/Src/stm32f1xx_hal_rcc.c.obj
 .debug_abbrev  0x00000aec      0x1ca cmake/stm32cubemx/CMakeFiles/STM32_Drivers.dir/__/__/Drivers/STM32F1xx_HAL_Driver/Src/stm32f1xx_hal_gpio.c.obj
 .debug_abbrev  0x00000cb6      0x2f8 cmake/stm32cubemx/CMakeFiles/STM32_Drivers.dir/__/__/Drivers/STM32F1xx_HAL_Driver/Src/stm32f1xx_hal_cortex.c.obj
 .debug_abbrev  0x00000fae      0x2f8 cmake/stm32cubemx/CMakeFiles/STM32_Drivers.dir/__/__/Drivers/STM32F1xx_HAL_Driver/Src/stm32f1xx_hal_uart.c.obj
 .debug_abbrev  0x000012a6      0x2b4 CMakeFiles/AUTO_SAIL_3.dir/Core/Src/main.c.obj
 .debug_abbrev  0x0000155a      0x161 CMakeFiles/AUTO_SAIL_3.dir/Core/Src/gpio.c.obj
 .debug_abbrev  0x000016bb      0x241 CMakeFiles/AUTO_SAIL_3.dir/Core/Src/tim.c.obj
 .debug_abbrev  0x000018fc      0x1e6 CMakeFiles/AUTO_SAIL_3.dir/Core/Src/usart.c.obj
 .debug_abbrev  0x00001ae2       0xa0 CMakeFiles/AUTO_SAIL_3.dir/Core/Src/stm32f1xx_it.c.obj
 .debug_abbrev  0x00001b82       0xdb CMakeFiles/AUTO_SAIL_3.dir/Core/Src/stm32f1xx_hal_msp.c.obj
 .debug_abbrev  0x00001c5d       0xbc CMakeFiles/AUTO_SAIL_3.dir/Core/Src/sysmem.c.obj
 .debug_abbrev  0x00001d19       0x24 CMakeFiles/AUTO_SAIL_3.dir/startup_stm32f103xb.s.obj
 .debug_abbrev  0x00001d3d      0x1ef CMakeFiles/AUTO_SAIL_3.dir/User/DRV8833/Src/drv8833.c.obj
 .debug_abbrev  0x00001f2c      0x197 CMakeFiles/AUTO_SAIL_3.dir/User/Infrared/Src/infrared.c.obj
 .debug_abbrev  0x000020c3      0x23f CMakeFiles/AUTO_SAIL_3.dir/User/OLED/Src/oled.c.obj
 .debug_abbrev  0x00002302      0x1da CMakeFiles/AUTO_SAIL_3.dir/User/SG90/Src/sg90.c.obj
 .debug_abbrev  0x000024dc      0x424 C:/Users/Wangxiao/AppData/Local/stm32cube/bundles/gnu-tools-for-stm32/14.3.1+st.2/bin/../lib/gcc/arm-none-eabi/14.3.1/../../../../arm-none-eabi/lib/thumb/v7-m/nofp\libg_nano.a(libc_a-findfp.o)
 .debug_abbrev  0x00002900      0x21c C:/Users/Wangxiao/AppData/Local/stm32cube/bundles/gnu-tools-for-stm32/14.3.1+st.2/bin/../lib/gcc/arm-none-eabi/14.3.1/../../../../arm-none-eabi/lib/thumb/v7-m/nofp\libg_nano.a(libc_a-sprintf.o)
 .debug_abbrev  0x00002b1c       0x9e C:/Users/Wangxiao/AppData/Local/stm32cube/bundles/gnu-tools-for-stm32/14.3.1+st.2/bin/../lib/gcc/arm-none-eabi/14.3.1/../../../../arm-none-eabi/lib/thumb/v7-m/nofp\libg_nano.a(libc_a-memset.o)
 .debug_abbrev  0x00002bba      0x1f7 C:/Users/Wangxiao/AppData/Local/stm32cube/bundles/gnu-tools-for-stm32/14.3.1+st.2/bin/../lib/gcc/arm-none-eabi/14.3.1/../../../../arm-none-eabi/lib/thumb/v7-m/nofp\libg_nano.a(libc_a-reent.o)
 .debug_abbrev  0x00002db1      0x149 C:/Users/Wangxiao/AppData/Local/stm32cube/bundles/gnu-tools-for-stm32/14.3.1+st.2/bin/../lib/gcc/arm-none-eabi/14.3.1/../../../../arm-none-eabi/lib/thumb/v7-m/nofp\libg_nano.a(libc_a-impure.o)
 .debug_abbrev  0x00002efa      0x15e C:/Users/Wangxiao/AppData/Local/stm32cube/bundles/gnu-tools-for-stm32/14.3.1+st.2/bin/../lib/gcc/arm-none-eabi/14.3.1/../../../../arm-none-eabi/lib/thumb/v7-m/nofp\libg_nano.a(libc_a-errno.o)
 .debug_abbrev  0x00003058       0xc9 C:/Users/Wangxiao/AppData/Local/stm32cube/bundles/gnu-tools-for-stm32/14.3.1+st.2/bin/../lib/gcc/arm-none-eabi/14.3.1/../../../../arm-none-eabi/lib/thumb/v7-m/nofp\libg_nano.a(libc_a-init.o)
 .debug_abbrev  0x00003121      0x115 C:/Users/Wangxiao/AppData/Local/stm32cube/bundles/gnu-tools-for-stm32/14.3.1+st.2/bin/../lib/gcc/arm-none-eabi/14.3.1/../../../../arm-none-eabi/lib/thumb/v7-m/nofp\libg_nano.a(libc_a-lock.o)
 .debug_abbrev  0x00003236      0x236 C:/Users/Wangxiao/AppData/Local/stm32cube/bundles/gnu-tools-for-stm32/14.3.1+st.2/bin/../lib/gcc/arm-none-eabi/14.3.1/../../../../arm-none-eabi/lib/thumb/v7-m/nofp\libg_nano.a(libc_a-freer.o)
 .debug_abbrev  0x0000346c      0x24a C:/Users/Wangxiao/AppData/Local/stm32cube/bundles/gnu-tools-for-stm32/14.3.1+st.2/bin/../lib/gcc/arm-none-eabi/14.3.1/../../../../arm-none-eabi/lib/thumb/v7-m/nofp\libg_nano.a(libc_a-mallocr.o)
 .debug_abbrev  0x000036b6      0x1bf C:/Users/Wangxiao/AppData/Local/stm32cube/bundles/gnu-tools-for-stm32/14.3.1+st.2/bin/../lib/gcc/arm-none-eabi/14.3.1/../../../../arm-none-eabi/lib/thumb/v7-m/nofp\libg_nano.a(libc_a-mlock.o)
 .debug_abbrev  0x00003875      0x31e C:/Users/Wangxiao/AppData/Local/stm32cube/bundles/gnu-tools-for-stm32/14.3.1+st.2/bin/../lib/gcc/arm-none-eabi/14.3.1/../../../../arm-none-eabi/lib/thumb/v7-m/nofp\libg_nano.a(libc_a-nano-svfprintf.o)
 .debug_abbrev  0x00003b93      0x28e C:/Users/Wangxiao/AppData/Local/stm32cube/bundles/gnu-tools-for-stm32/14.3.1+st.2/bin/../lib/gcc/arm-none-eabi/14.3.1/../../../../arm-none-eabi/lib/thumb/v7-m/nofp\libg_nano.a(libc_a-nano-vfprintf_i.o)
 .debug_abbrev  0x00003e21       0xac C:/Users/Wangxiao/AppData/Local/stm32cube/bundles/gnu-tools-for-stm32/14.3.1+st.2/bin/../lib/gcc/arm-none-eabi/14.3.1/../../../../arm-none-eabi/lib/thumb/v7-m/nofp\libg_nano.a(libc_a-memmove.o)
 .debug_abbrev  0x00003ecd      0x1da C:/Users/Wangxiao/AppData/Local/stm32cube/bundles/gnu-tools-for-stm32/14.3.1+st.2/bin/../lib/gcc/arm-none-eabi/14.3.1/../../../../arm-none-eabi/lib/thumb/v7-m/nofp\libg_nano.a(libc_a-sbrkr.o)
 .debug_abbrev  0x000040a7       0xb1 C:/Users/Wangxiao/AppData/Local/stm32cube/bundles/gnu-tools-for-stm32/14.3.1+st.2/bin/../lib/gcc/arm-none-eabi/14.3.1/../../../../arm-none-eabi/lib/thumb/v7-m/nofp\libg_nano.a(libc_a-memchr-stub.o)
 .debug_abbrev  0x00004158       0xc1 C:/Users/Wangxiao/AppData/Local/stm32cube/bundles/gnu-tools-for-stm32/14.3.1+st.2/bin/../lib/gcc/arm-none-eabi/14.3.1/../../../../arm-none-eabi/lib/thumb/v7-m/nofp\libg_nano.a(libc_a-memcpy-stub.o)
 .debug_abbrev  0x00004219      0x217 C:/Users/Wangxiao/AppData/Local/stm32cube/bundles/gnu-tools-for-stm32/14.3.1+st.2/bin/../lib/gcc/arm-none-eabi/14.3.1/../../../../arm-none-eabi/lib/thumb/v7-m/nofp\libg_nano.a(libc_a-reallocr.o)
 .debug_abbrev  0x00004430      0x196 C:/Users/Wangxiao/AppData/Local/stm32cube/bundles/gnu-tools-for-stm32/14.3.1+st.2/bin/../lib/gcc/arm-none-eabi/14.3.1/../../../../arm-none-eabi/lib/thumb/v7-m/nofp\libg_nano.a(libc_a-msizer.o)

.debug_aranges  0x00000000     0x10a8
 .debug_aranges
                0x00000000       0x28 cmake/stm32cubemx/CMakeFiles/STM32_Drivers.dir/__/__/Core/Src/system_stm32f1xx.c.obj
 .debug_aranges
                0x00000028      0x3d0 cmake/stm32cubemx/CMakeFiles/STM32_Drivers.dir/__/__/Drivers/STM32F1xx_HAL_Driver/Src/stm32f1xx_hal_tim.c.obj
 .debug_aranges
                0x000003f8      0x168 cmake/stm32cubemx/CMakeFiles/STM32_Drivers.dir/__/__/Drivers/STM32F1xx_HAL_Driver/Src/stm32f1xx_hal_tim_ex.c.obj
 .debug_aranges
                0x00000560       0xe0 cmake/stm32cubemx/CMakeFiles/STM32_Drivers.dir/__/__/Drivers/STM32F1xx_HAL_Driver/Src/stm32f1xx_hal.c.obj
 .debug_aranges
                0x00000640       0x90 cmake/stm32cubemx/CMakeFiles/STM32_Drivers.dir/__/__/Drivers/STM32F1xx_HAL_Driver/Src/stm32f1xx_hal_rcc.c.obj
 .debug_aranges
                0x000006d0       0x58 cmake/stm32cubemx/CMakeFiles/STM32_Drivers.dir/__/__/Drivers/STM32F1xx_HAL_Driver/Src/stm32f1xx_hal_gpio.c.obj
 .debug_aranges
                0x00000728      0x100 cmake/stm32cubemx/CMakeFiles/STM32_Drivers.dir/__/__/Drivers/STM32F1xx_HAL_Driver/Src/stm32f1xx_hal_cortex.c.obj
 .debug_aranges
                0x00000828      0x208 cmake/stm32cubemx/CMakeFiles/STM32_Drivers.dir/__/__/Drivers/STM32F1xx_HAL_Driver/Src/stm32f1xx_hal_uart.c.obj
 .debug_aranges
                0x00000a30       0x38 CMakeFiles/AUTO_SAIL_3.dir/Core/Src/main.c.obj
 .debug_aranges
                0x00000a68       0x20 CMakeFiles/AUTO_SAIL_3.dir/Core/Src/gpio.c.obj
 .debug_aranges
                0x00000a88       0x40 CMakeFiles/AUTO_SAIL_3.dir/Core/Src/tim.c.obj
 .debug_aranges
                0x00000ac8       0x30 CMakeFiles/AUTO_SAIL_3.dir/Core/Src/usart.c.obj
 .debug_aranges
                0x00000af8       0x78 CMakeFiles/AUTO_SAIL_3.dir/Core/Src/stm32f1xx_it.c.obj
 .debug_aranges
                0x00000b70       0x20 CMakeFiles/AUTO_SAIL_3.dir/Core/Src/stm32f1xx_hal_msp.c.obj
 .debug_aranges
                0x00000b90       0x20 CMakeFiles/AUTO_SAIL_3.dir/Core/Src/sysmem.c.obj
 .debug_aranges
                0x00000bb0       0x28 CMakeFiles/AUTO_SAIL_3.dir/startup_stm32f103xb.s.obj
 .debug_aranges
                0x00000bd8       0x58 CMakeFiles/AUTO_SAIL_3.dir/User/DRV8833/Src/drv8833.c.obj
 .debug_aranges
                0x00000c30       0x50 CMakeFiles/AUTO_SAIL_3.dir/User/Infrared/Src/infrared.c.obj
 .debug_aranges
                0x00000c80       0xb0 CMakeFiles/AUTO_SAIL_3.dir/User/OLED/Src/oled.c.obj
 .debug_aranges
                0x00000d30       0x50 CMakeFiles/AUTO_SAIL_3.dir/User/SG90/Src/sg90.c.obj
 .debug_aranges
                0x00000d80       0x78 C:/Users/Wangxiao/AppData/Local/stm32cube/bundles/gnu-tools-for-stm32/14.3.1+st.2/bin/../lib/gcc/arm-none-eabi/14.3.1/../../../../arm-none-eabi/lib/thumb/v7-m/nofp\libg_nano.a(libc_a-findfp.o)
 .debug_aranges
                0x00000df8       0x28 C:/Users/Wangxiao/AppData/Local/stm32cube/bundles/gnu-tools-for-stm32/14.3.1+st.2/bin/../lib/gcc/arm-none-eabi/14.3.1/../../../../arm-none-eabi/lib/thumb/v7-m/nofp\libg_nano.a(libc_a-sprintf.o)
 .debug_aranges
                0x00000e20       0x20 C:/Users/Wangxiao/AppData/Local/stm32cube/bundles/gnu-tools-for-stm32/14.3.1+st.2/bin/../lib/gcc/arm-none-eabi/14.3.1/../../../../arm-none-eabi/lib/thumb/v7-m/nofp\libg_nano.a(libc_a-memset.o)
 .debug_aranges
                0x00000e40       0x20 C:/Users/Wangxiao/AppData/Local/stm32cube/bundles/gnu-tools-for-stm32/14.3.1+st.2/bin/../lib/gcc/arm-none-eabi/14.3.1/../../../../arm-none-eabi/lib/thumb/v7-m/nofp\libg_nano.a(libc_a-reent.o)
 .debug_aranges
                0x00000e60       0x18 C:/Users/Wangxiao/AppData/Local/stm32cube/bundles/gnu-tools-for-stm32/14.3.1+st.2/bin/../lib/gcc/arm-none-eabi/14.3.1/../../../../arm-none-eabi/lib/thumb/v7-m/nofp\libg_nano.a(libc_a-impure.o)
 .debug_aranges
                0x00000e78       0x20 C:/Users/Wangxiao/AppData/Local/stm32cube/bundles/gnu-tools-for-stm32/14.3.1+st.2/bin/../lib/gcc/arm-none-eabi/14.3.1/../../../../arm-none-eabi/lib/thumb/v7-m/nofp\libg_nano.a(libc_a-errno.o)
 .debug_aranges
                0x00000e98       0x20 C:/Users/Wangxiao/AppData/Local/stm32cube/bundles/gnu-tools-for-stm32/14.3.1+st.2/bin/../lib/gcc/arm-none-eabi/14.3.1/../../../../arm-none-eabi/lib/thumb/v7-m/nofp\libg_nano.a(libc_a-init.o)
 .debug_aranges
                0x00000eb8       0x68 C:/Users/Wangxiao/AppData/Local/stm32cube/bundles/gnu-tools-for-stm32/14.3.1+st.2/bin/../lib/gcc/arm-none-eabi/14.3.1/../../../../arm-none-eabi/lib/thumb/v7-m/nofp\libg_nano.a(libc_a-lock.o)
 .debug_aranges
                0x00000f20       0x20 C:/Users/Wangxiao/AppData/Local/stm32cube/bundles/gnu-tools-for-stm32/14.3.1+st.2/bin/../lib/gcc/arm-none-eabi/14.3.1/../../../../arm-none-eabi/lib/thumb/v7-m/nofp\libg_nano.a(libc_a-freer.o)
 .debug_aranges
                0x00000f40       0x28 C:/Users/Wangxiao/AppData/Local/stm32cube/bundles/gnu-tools-for-stm32/14.3.1+st.2/bin/../lib/gcc/arm-none-eabi/14.3.1/../../../../arm-none-eabi/lib/thumb/v7-m/nofp\libg_nano.a(libc_a-mallocr.o)
 .debug_aranges
                0x00000f68       0x28 C:/Users/Wangxiao/AppData/Local/stm32cube/bundles/gnu-tools-for-stm32/14.3.1+st.2/bin/../lib/gcc/arm-none-eabi/14.3.1/../../../../arm-none-eabi/lib/thumb/v7-m/nofp\libg_nano.a(libc_a-mlock.o)
 .debug_aranges
                0x00000f90       0x30 C:/Users/Wangxiao/AppData/Local/stm32cube/bundles/gnu-tools-for-stm32/14.3.1+st.2/bin/../lib/gcc/arm-none-eabi/14.3.1/../../../../arm-none-eabi/lib/thumb/v7-m/nofp\libg_nano.a(libc_a-nano-svfprintf.o)
 .debug_aranges
                0x00000fc0       0x28 C:/Users/Wangxiao/AppData/Local/stm32cube/bundles/gnu-tools-for-stm32/14.3.1+st.2/bin/../lib/gcc/arm-none-eabi/14.3.1/../../../../arm-none-eabi/lib/thumb/v7-m/nofp\libg_nano.a(libc_a-nano-vfprintf_i.o)
 .debug_aranges
                0x00000fe8       0x20 C:/Users/Wangxiao/AppData/Local/stm32cube/bundles/gnu-tools-for-stm32/14.3.1+st.2/bin/../lib/gcc/arm-none-eabi/14.3.1/../../../../arm-none-eabi/lib/thumb/v7-m/nofp\libg_nano.a(libc_a-memmove.o)
 .debug_aranges
                0x00001008       0x20 C:/Users/Wangxiao/AppData/Local/stm32cube/bundles/gnu-tools-for-stm32/14.3.1+st.2/bin/../lib/gcc/arm-none-eabi/14.3.1/../../../../arm-none-eabi/lib/thumb/v7-m/nofp\libg_nano.a(libc_a-sbrkr.o)
 .debug_aranges
                0x00001028       0x20 C:/Users/Wangxiao/AppData/Local/stm32cube/bundles/gnu-tools-for-stm32/14.3.1+st.2/bin/../lib/gcc/arm-none-eabi/14.3.1/../../../../arm-none-eabi/lib/thumb/v7-m/nofp\libg_nano.a(libc_a-memchr-stub.o)
 .debug_aranges
                0x00001048       0x20 C:/Users/Wangxiao/AppData/Local/stm32cube/bundles/gnu-tools-for-stm32/14.3.1+st.2/bin/../lib/gcc/arm-none-eabi/14.3.1/../../../../arm-none-eabi/lib/thumb/v7-m/nofp\libg_nano.a(libc_a-memcpy-stub.o)
 .debug_aranges
                0x00001068       0x20 C:/Users/Wangxiao/AppData/Local/stm32cube/bundles/gnu-tools-for-stm32/14.3.1+st.2/bin/../lib/gcc/arm-none-eabi/14.3.1/../../../../arm-none-eabi/lib/thumb/v7-m/nofp\libg_nano.a(libc_a-reallocr.o)
 .debug_aranges
                0x00001088       0x20 C:/Users/Wangxiao/AppData/Local/stm32cube/bundles/gnu-tools-for-stm32/14.3.1+st.2/bin/../lib/gcc/arm-none-eabi/14.3.1/../../../../arm-none-eabi/lib/thumb/v7-m/nofp\libg_nano.a(libc_a-msizer.o)

.debug_rnglists
                0x00000000      0xd1e
 .debug_rnglists
                0x00000000       0x1a cmake/stm32cubemx/CMakeFiles/STM32_Drivers.dir/__/__/Core/Src/system_stm32f1xx.c.obj
 .debug_rnglists
                0x0000001a      0x31a cmake/stm32cubemx/CMakeFiles/STM32_Drivers.dir/__/__/Drivers/STM32F1xx_HAL_Driver/Src/stm32f1xx_hal_tim.c.obj
 .debug_rnglists
                0x00000334      0x125 cmake/stm32cubemx/CMakeFiles/STM32_Drivers.dir/__/__/Drivers/STM32F1xx_HAL_Driver/Src/stm32f1xx_hal_tim_ex.c.obj
 .debug_rnglists
                0x00000459       0xa3 cmake/stm32cubemx/CMakeFiles/STM32_Drivers.dir/__/__/Drivers/STM32F1xx_HAL_Driver/Src/stm32f1xx_hal.c.obj
 .debug_rnglists
                0x000004fc       0x6c cmake/stm32cubemx/CMakeFiles/STM32_Drivers.dir/__/__/Drivers/STM32F1xx_HAL_Driver/Src/stm32f1xx_hal_rcc.c.obj
 .debug_rnglists
                0x00000568       0x3f cmake/stm32cubemx/CMakeFiles/STM32_Drivers.dir/__/__/Drivers/STM32F1xx_HAL_Driver/Src/stm32f1xx_hal_gpio.c.obj
 .debug_rnglists
                0x000005a7       0xbb cmake/stm32cubemx/CMakeFiles/STM32_Drivers.dir/__/__/Drivers/STM32F1xx_HAL_Driver/Src/stm32f1xx_hal_cortex.c.obj
 .debug_rnglists
                0x00000662      0x1bc cmake/stm32cubemx/CMakeFiles/STM32_Drivers.dir/__/__/Drivers/STM32F1xx_HAL_Driver/Src/stm32f1xx_hal_uart.c.obj
 .debug_rnglists
                0x0000081e       0x28 CMakeFiles/AUTO_SAIL_3.dir/Core/Src/main.c.obj
 .debug_rnglists
                0x00000846       0x14 CMakeFiles/AUTO_SAIL_3.dir/Core/Src/gpio.c.obj
 .debug_rnglists
                0x0000085a       0x2e CMakeFiles/AUTO_SAIL_3.dir/Core/Src/tim.c.obj
 .debug_rnglists
                0x00000888       0x20 CMakeFiles/AUTO_SAIL_3.dir/Core/Src/usart.c.obj
 .debug_rnglists
                0x000008a8       0x55 CMakeFiles/AUTO_SAIL_3.dir/Core/Src/stm32f1xx_it.c.obj
 .debug_rnglists
                0x000008fd       0x13 CMakeFiles/AUTO_SAIL_3.dir/Core/Src/stm32f1xx_hal_msp.c.obj
 .debug_rnglists
                0x00000910       0x13 CMakeFiles/AUTO_SAIL_3.dir/Core/Src/sysmem.c.obj
 .debug_rnglists
                0x00000923       0x19 CMakeFiles/AUTO_SAIL_3.dir/startup_stm32f103xb.s.obj
 .debug_rnglists
                0x0000093c       0x3d CMakeFiles/AUTO_SAIL_3.dir/User/DRV8833/Src/drv8833.c.obj
 .debug_rnglists
                0x00000979       0x37 CMakeFiles/AUTO_SAIL_3.dir/User/Infrared/Src/infrared.c.obj
 .debug_rnglists
                0x000009b0       0x83 CMakeFiles/AUTO_SAIL_3.dir/User/OLED/Src/oled.c.obj
 .debug_rnglists
                0x00000a33       0x37 CMakeFiles/AUTO_SAIL_3.dir/User/SG90/Src/sg90.c.obj
 .debug_rnglists
                0x00000a6a       0x7a C:/Users/Wangxiao/AppData/Local/stm32cube/bundles/gnu-tools-for-stm32/14.3.1+st.2/bin/../lib/gcc/arm-none-eabi/14.3.1/../../../../arm-none-eabi/lib/thumb/v7-m/nofp\libg_nano.a(libc_a-findfp.o)
 .debug_rnglists
                0x00000ae4       0x19 C:/Users/Wangxiao/AppData/Local/stm32cube/bundles/gnu-tools-for-stm32/14.3.1+st.2/bin/../lib/gcc/arm-none-eabi/14.3.1/../../../../arm-none-eabi/lib/thumb/v7-m/nofp\libg_nano.a(libc_a-sprintf.o)
 .debug_rnglists
                0x00000afd       0x13 C:/Users/Wangxiao/AppData/Local/stm32cube/bundles/gnu-tools-for-stm32/14.3.1+st.2/bin/../lib/gcc/arm-none-eabi/14.3.1/../../../../arm-none-eabi/lib/thumb/v7-m/nofp\libg_nano.a(libc_a-memset.o)
 .debug_rnglists
                0x00000b10       0x2c C:/Users/Wangxiao/AppData/Local/stm32cube/bundles/gnu-tools-for-stm32/14.3.1+st.2/bin/../lib/gcc/arm-none-eabi/14.3.1/../../../../arm-none-eabi/lib/thumb/v7-m/nofp\libg_nano.a(libc_a-reent.o)
 .debug_rnglists
                0x00000b3c       0x13 C:/Users/Wangxiao/AppData/Local/stm32cube/bundles/gnu-tools-for-stm32/14.3.1+st.2/bin/../lib/gcc/arm-none-eabi/14.3.1/../../../../arm-none-eabi/lib/thumb/v7-m/nofp\libg_nano.a(libc_a-errno.o)
 .debug_rnglists
                0x00000b4f       0x13 C:/Users/Wangxiao/AppData/Local/stm32cube/bundles/gnu-tools-for-stm32/14.3.1+st.2/bin/../lib/gcc/arm-none-eabi/14.3.1/../../../../arm-none-eabi/lib/thumb/v7-m/nofp\libg_nano.a(libc_a-init.o)
 .debug_rnglists
                0x00000b62       0x49 C:/Users/Wangxiao/AppData/Local/stm32cube/bundles/gnu-tools-for-stm32/14.3.1+st.2/bin/../lib/gcc/arm-none-eabi/14.3.1/../../../../arm-none-eabi/lib/thumb/v7-m/nofp\libg_nano.a(libc_a-lock.o)
 .debug_rnglists
                0x00000bab       0x14 C:/Users/Wangxiao/AppData/Local/stm32cube/bundles/gnu-tools-for-stm32/14.3.1+st.2/bin/../lib/gcc/arm-none-eabi/14.3.1/../../../../arm-none-eabi/lib/thumb/v7-m/nofp\libg_nano.a(libc_a-freer.o)
 .debug_rnglists
                0x00000bbf       0x2c C:/Users/Wangxiao/AppData/Local/stm32cube/bundles/gnu-tools-for-stm32/14.3.1+st.2/bin/../lib/gcc/arm-none-eabi/14.3.1/../../../../arm-none-eabi/lib/thumb/v7-m/nofp\libg_nano.a(libc_a-mallocr.o)
 .debug_rnglists
                0x00000beb       0x19 C:/Users/Wangxiao/AppData/Local/stm32cube/bundles/gnu-tools-for-stm32/14.3.1+st.2/bin/../lib/gcc/arm-none-eabi/14.3.1/../../../../arm-none-eabi/lib/thumb/v7-m/nofp\libg_nano.a(libc_a-mlock.o)
 .debug_rnglists